Archive member included because of file (symbol)

./../Platform/BSP/debug/libBSP_efm32_debug.a(BSP_Board.o)
                              /Applications/XDK.app/Contents/MacOS/workspace/HttpsExample/debug/objects/source/SystemStartup.o (BSP_Board_OSTickInitialize)
./../Platform/BSP/debug/libBSP_efm32_debug.a(BSP_DMA.o)
                              ./../Platform/BSP/debug/libBSP_efm32_debug.a(BSP_Board.o) (BSP_DMA_Initialize)
./../Platform/BSP/debug/libBSP_efm32_debug.a(BSP_IrqHandler.o)
                              ./../Platform/BSP/debug/libBSP_efm32_debug.a(BSP_Board.o) (IrqHandler_SysTickDummyHandler)
./../Platform/BSP/debug/libBSP_efm32_debug.a(BSP_LED.o)
                              /Applications/XDK.app/Contents/MacOS/workspace/HttpsExample/debug/objects/source/SystemStartup.o (BSP_LED_Connect)
./../Platform/BSP/debug/libBSP_efm32_debug.a(BSP_SDCard.o)
                              ./../Platform/BSP/debug/libBSP_efm32_debug.a(BSP_IrqHandler.o) (SDCard_SPIRxISR)
./../Platform/BSP/debug/libBSP_efm32_debug.a(BSP_SensorNode.o)
                              ./../Platform/BSP/debug/libBSP_efm32_debug.a(BSP_IrqHandler.o) (SensorNode_I2CISR)
./../Platform/BSP/debug/libBSP_efm32_debug.a(BSP_USB.o)
                              ./../Platform/BSP/debug/libBSP_efm32_debug.a(BSP_Board.o) (USB_init)
./../Platform/BSP/debug/libBSP_efm32_debug.a(BSP_WiFi_cc3100mod.o)
                              ./../Platform/BSP/debug/libBSP_efm32_debug.a(BSP_IrqHandler.o) (WiFi_CC3100MOD_SPIRxISR)
./../Platform/BSP/debug/libBSP_efm32_debug.a(BSP_BT_EM9301.o)
                              ./../Platform/BSP/debug/libBSP_efm32_debug.a(BSP_IrqHandler.o) (BT_EM9301_UART_TxISR)
./../Libraries/FreeRTOS/debug/libFreeRTOS_efm32_debug.a(tasks.o)
                              /Applications/XDK.app/Contents/MacOS/workspace/HttpsExample/debug/objects/Main.o (vTaskStartScheduler)
./../Libraries/FreeRTOS/debug/libFreeRTOS_efm32_debug.a(timers.o)
                              ./../Libraries/FreeRTOS/debug/libFreeRTOS_efm32_debug.a(tasks.o) (xTimerCreateTimerTask)
./../Libraries/FreeRTOS/debug/libFreeRTOS_efm32_debug.a(heap_4.o)
                              ./../Libraries/FreeRTOS/debug/libFreeRTOS_efm32_debug.a(tasks.o) (pvPortMalloc)
./../Libraries/FreeRTOS/debug/libFreeRTOS_efm32_debug.a(port.o)
                              ./../Libraries/FreeRTOS/debug/libFreeRTOS_efm32_debug.a(tasks.o) (pxPortInitialiseStack)
./../Libraries/FreeRTOS/debug/libFreeRTOS_efm32_debug.a(list.o)
                              ./../Libraries/FreeRTOS/debug/libFreeRTOS_efm32_debug.a(tasks.o) (vListInitialise)
./../Libraries/FreeRTOS/debug/libFreeRTOS_efm32_debug.a(queue.o)
                              ./../Libraries/FreeRTOS/debug/libFreeRTOS_efm32_debug.a(timers.o) (xQueueGenericCreate)
./../Libraries/EMlib/debug/libEMLib_efm32_debug.a(em_adc.o)
                              ./../Platform/BSP/debug/libBSP_efm32_debug.a(BSP_Board.o) (ADC_Init)
./../Libraries/EMlib/debug/libEMLib_efm32_debug.a(em_cmu.o)
                              ./../Platform/BSP/debug/libBSP_efm32_debug.a(BSP_Board.o) (CMU_ClockDivSet)
./../Libraries/EMlib/debug/libEMLib_efm32_debug.a(em_msc.o)
                              ./../Platform/BSP/debug/libBSP_efm32_debug.a(BSP_Board.o) (MSC_Init)
./../Libraries/EMlib/debug/libEMLib_efm32_debug.a(em_dma.o)
                              ./../Platform/BSP/debug/libBSP_efm32_debug.a(BSP_DMA.o) (DMA_Reset)
./../Libraries/EMlib/debug/libEMLib_efm32_debug.a(em_emu.o)
                              ./../Libraries/EMlib/debug/libEMLib_efm32_debug.a(em_cmu.o) (EMU_UpdateOscConfig)
./../Libraries/EMlib/debug/libEMLib_efm32_debug.a(em_gpio.o)
                              ./../Platform/BSP/debug/libBSP_efm32_debug.a(BSP_Board.o) (GPIO_DriveModeSet)
./../Libraries/EMlib/debug/libEMLib_efm32_debug.a(em_int.o)
                              /Applications/XDK.app/Contents/MacOS/workspace/HttpsExample/debug/objects/./../Libraries/EMlib/3rd-party/EMLib/usb/src/em_usbdint.o (INT_LockCnt)
./../Libraries/EMlib/debug/libEMLib_efm32_debug.a(em_i2c.o)
                              ./../Platform/BSP/debug/libBSP_efm32_debug.a(BSP_SensorNode.o) (I2C_Enable)
./../Libraries/EMlib/debug/libEMLib_efm32_debug.a(em_usart.o)
                              ./../Platform/BSP/debug/libBSP_efm32_debug.a(BSP_Board.o) (USART_BaudrateSyncSet)
./../Libraries/EMlib/debug/libEMLib_efm32_debug.a(em_system.o)
                              ./../Platform/BSP/debug/libBSP_efm32_debug.a(BSP_Board.o) (SYSTEM_ChipRevisionGet)
./../Libraries/EMlib/debug/libEMLib_efm32_debug.a(em_usbd.o)
                              /Applications/XDK.app/Contents/MacOS/workspace/HttpsExample/debug/objects/./../Libraries/EMlib/3rd-party/EMLib/usb/src/em_usbdint.o (dev)
./../Libraries/EMlib/debug/libEMLib_efm32_debug.a(em_usbhal.o)
                              ./../Libraries/EMlib/debug/libEMLib_efm32_debug.a(em_usbd.o) (USBDHAL_Connect)
./../Libraries/EMlib/debug/libEMLib_efm32_debug.a(em_usbdep.o)
[...]
Memory Configuration

Name             Origin             Length             Attributes
FLASH            0x0000000000010000 0x00000000000f0000 xr
RAM              0x0000000020000000 0x0000000000020000 xrw
*default*        0x0000000000000000 0xffffffffffffffff

Linker script and memory map

LOAD /Applications/XDK.app/Contents/Eclipse/armGCC/bin/../lib/gcc/arm-none-eabi/4.7.4/armv7-m/crti.o
LOAD /Applications/XDK.app/Contents/Eclipse/armGCC/bin/../lib/gcc/arm-none-eabi/4.7.4/armv7-m/crtbegin.o
LOAD /Applications/XDK.app/Contents/Eclipse/armGCC/bin/../lib/gcc/arm-none-eabi/4.7.4/../../../../arm-none-eabi/lib/armv7-m/crt0.o
LOAD /Applications/XDK.app/Contents/MacOS/workspace/HttpsExample/debug/objects/source/Assert.o
LOAD /Applications/XDK.app/Contents/MacOS/workspace/HttpsExample/debug/objects/source/RetargetStdio.o
LOAD /Applications/XDK.app/Contents/MacOS/workspace/HttpsExample/debug/objects/source/SensorHandle.o
LOAD /Applications/XDK.app/Contents/MacOS/workspace/HttpsExample/debug/objects/source/SystemStartup.o
LOAD /Applications/XDK.app/Contents/MacOS/workspace/HttpsExample/debug/objects/source/UsbResetUtility.o
LOAD /Applications/XDK.app/Contents/MacOS/workspace/HttpsExample/debug/objects/source/XdkVersion.o
LOAD /Applications/XDK.app/Contents/MacOS/workspace/HttpsExample/debug/objects/./../Libraries/EMlib/3rd-party/EMLib/usb/src/em_usbdint.o
LOAD /Applications/XDK.app/Contents/MacOS/workspace/HttpsExample/debug/objects/Main.o
LOAD /Applications/XDK.app/Contents/MacOS/workspace/HttpsExample/debug/objects/HttpsExample.o
LOAD /Applications/XDK.app/Contents/MacOS/workspace/HttpsExample/debug/objects/startup_efm32gg.o
START GROUP
LOAD ./../Platform/SensorUtils/debug/libSensorUtils_efm32_debug.a
LOAD ./../Platform/Sensors/debug/libSensors_efm32_debug.a
LOAD ./../Platform/BSP/debug/libBSP_efm32_debug.a
LOAD ./../Libraries/FreeRTOS/debug/libFreeRTOS_efm32_debug.a
LOAD ./../Libraries/EMlib/debug/libEMLib_efm32_debug.a
LOAD ./../Libraries/BSTLib/debug/libBSTLib_efm32_debug.a
LOAD ./../Libraries/WiFi/debug/libWiFi_efm32_debug.a
LOAD ./../Libraries/FATfs/debug/libFATfs_efm32_debug.a
LOAD ./../Libraries/BLEStack/3rd-party/Alpwise/ALPW-BLESDKCM3/BLESW_CoreStack/Libraries/BLESW_CoreStack_CM3.a
LOAD ./../Libraries/BLEStack/3rd-party/Alpwise/ALPW-BLESDKCM3/BLESW_ALPWDataExchange/Libraries/BLESW_ALPWDEP_Server_CM3.a
LOAD ./../Libraries/BLEStack/3rd-party/Alpwise/ALPW-BLESDKCM3/BLESW_CoreStack/Libraries/BLESW_ALPWDES_CM3.a
LOAD ./../Libraries/BLEStack/3rd-party/Alpwise/ALPW-BLESDKCM3/BLESW_AlertNotification/Libraries/BLESW_ANP_Server_CM3.a
LOAD ./../Libraries/BLEStack/3rd-party/Alpwise/ALPW-BLESDKCM3/BLESW_CoreStack/Libraries/BLESW_ANS_CM3.a
LOAD ./../Libraries/BLEStack/3rd-party/Alpwise/ALPW-BLESDKCM3/BLESW_BloodPressure/Libraries/BLESW_BLP_Sensor_CM3.a
LOAD ./../Libraries/BLEStack/3rd-party/Alpwise/ALPW-BLESDKCM3/BLESW_CoreStack/Libraries/BLESW_BLS_CM3.a
LOAD ./../Libraries/BLEStack/3rd-party/Alpwise/ALPW-BLESDKCM3/BLESW_CyclingPower/Libraries/BLESW_CPP_Sensor_CM3.a
LOAD ./../Libraries/BLEStack/3rd-party/Alpwise/ALPW-BLESDKCM3/BLESW_CoreStack/Libraries/BLESW_CPS_CM3.a
LOAD ./../Libraries/BLEStack/3rd-party/Alpwise/ALPW-BLESDKCM3/BLESW_CyclingSpeedAndCadence/Libraries/BLESW_CSCP_Sensor_CM3.a
LOAD ./../Libraries/BLEStack/3rd-party/Alpwise/ALPW-BLESDKCM3/BLESW_CoreStack/Libraries/BLESW_CSCS_CM3.a
LOAD ./../Libraries/BLEStack/3rd-party/Alpwise/ALPW-BLESDKCM3/BLESW_Glucose/Libraries/BLESW_GLP_Sensor_CM3.a
LOAD ./../Libraries/BLEStack/3rd-party/Alpwise/ALPW-BLESDKCM3/BLESW_CoreStack/Libraries/BLESW_GLS_CM3.a
LOAD ./../Libraries/BLEStack/3rd-party/Alpwise/ALPW-BLESDKCM3/BLESW_HealthThermometer/Libraries/BLESW_HTP_Thermometer_CM3.a
LOAD ./../Libraries/BLEStack/3rd-party/Alpwise/ALPW-BLESDKCM3/BLESW_CoreStack/Libraries/BLESW_HTS_CM3.a
LOAD ./../Libraries/BLEStack/3rd-party/Alpwise/ALPW-BLESDKCM3/BLESW_HeartRate/Libraries/BLESW_HRP_Sensor_CM3.a
LOAD ./../Libraries/BLEStack/3rd-party/Alpwise/ALPW-BLESDKCM3/BLESW_CoreStack/Libraries/BLESW_HRS_CM3.a
LOAD ./../Libraries/BLEStack/3rd-party/Alpwise/ALPW-BLESDKCM3/BLESW_HumanInterfaceDevice/Libraries/BLESW_HID_Host_CM3.a
LOAD ./../Libraries/BLEStack/3rd-party/Alpwise/ALPW-BLESDKCM3/BLESW_CoreStack/Libraries/BLESW_HIDS_CM3.a
LOAD ./../Libraries/BLEStack/3rd-party/Alpwise/ALPW-BLESDKCM3/BLESW_LocationAndNavigation/Libraries/BLESW_LNP_Sensor_CM3.a
LOAD ./../Libraries/BLEStack/3rd-party/Alpwise/ALPW-BLESDKCM3/BLESW_CoreStack/Libraries/BLESW_LNS_CM3.a
LOAD ./../Libraries/BLEStack/3rd-party/Alpwise/ALPW-BLESDKCM3/BLESW_NetworkAvailability/Libraries/BLESW_NWAP_Reporter_CM3.a
LOAD ./../Libraries/BLEStack/3rd-party/Alpwise/ALPW-BLESDKCM3/BLESW_CoreStack/Libraries/BLESW_NWAS_CM3.a
LOAD ./../Libraries/BLEStack/3rd-party/Alpwise/ALPW-BLESDKCM3/BLESW_PhoneAlertStatus/Libraries/BLESW_PASP_Server_CM3.a
LOAD ./../Libraries/BLEStack/3rd-party/Alpwise/ALPW-BLESDKCM3/BLESW_CoreStack/Libraries/BLESW_PASS_CM3.a
LOAD ./../Libraries/BLEStack/3rd-party/Alpwise/ALPW-BLESDKCM3/BLESW_RunningSpeedAndCadence/Libraries/BLESW_RSCP_Sensor_CM3.a
LOAD ./../Libraries/BLEStack/3rd-party/Alpwise/ALPW-BLESDKCM3/BLESW_CoreStack/Libraries/BLESW_RSCS_CM3.a
LOAD ./../Libraries/EMlib/3rd-party/EMLib/CMSIS/Lib/GCC/libarm_cortexM3l_math.a
LOAD ./../Libraries/BSX/BSX4/Source/algo/algo_bsx/Lib/libalgobsxm3/libalgobsx.a
LOAD ./../Platform/Essentials/release/libEssentials_efm32.a
LOAD ./../Platform/Utils/release/libUtils_efm32.a
LOAD ./../Platform/Drivers/release/libDrivers_efm32.a
LOAD ./../Platform/FOTA/release/libFOTA_efm32.a
LOAD ./../Platform/Wlan/release/libWlan_efm32.a
LOAD ./../Platform/BLE/release/libBLE_efm32.a
LOAD ./../Libraries/Escrypt_CycurTLS/release/libEscrypt_CycurTLS_efm32.a
LOAD ./../Platform/ServalPAL_WiFi/release/libServalPalWifi_efm32.a
LOAD ./../Platform/SensorToolbox/release/libSensorToolbox_efm32.a
END GROUP
START GROUP
LOAD /Applications/XDK.app/Contents/Eclipse/armGCC/bin/../lib/gcc/arm-none-eabi/4.7.4/armv7-m/libgcc.a
LOAD /Applications/XDK.app/Contents/Eclipse/armGCC/bin/../lib/gcc/arm-none-eabi/4.7.4/../../../../arm-none-eabi/lib/armv7-m/libc.a
LOAD /Applications/XDK.app/Contents/Eclipse/armGCC/bin/../lib/gcc/arm-none-eabi/4.7.4/../../../../arm-none-eabi/lib/armv7-m/libm.a
END GROUP
START GROUP
LOAD /Applications/XDK.app/Contents/Eclipse/armGCC/bin/../lib/gcc/arm-none-eabi/4.7.4/armv7-m/libgcc.a
LOAD /Applications/XDK.app/Contents/Eclipse/armGCC/bin/../lib/gcc/arm-none-eabi/4.7.4/../../../../arm-none-eabi/lib/armv7-m/libc.a
END GROUP
LOAD /Applications/XDK.app/Contents/Eclipse/armGCC/bin/../lib/gcc/arm-none-eabi/4.7.4/armv7-m/crtend.o
LOAD /Applications/XDK.app/Contents/Eclipse/armGCC/bin/../lib/gcc/arm-none-eabi/4.7.4/armv7-m/crtn.o

.text           0x0000000000010000    0x2379c
 *(.isr_vector)
 .isr_vector    0x0000000000010000      0x100 /Applications/XDK.app/Contents/MacOS/workspace/HttpsExample/debug/objects/startup_efm32gg.o
                0x0000000000010000                __isr_vector
 *(.text*)
 .text          0x0000000000010100       0x54 /Applications/XDK.app/Contents/Eclipse/armGCC/bin/../lib/gcc/arm-none-eabi/4.7.4/armv7-m/crtbegin.o
 .text          0x0000000000010154       0x70 /Applications/XDK.app/Contents/Eclipse/armGCC/bin/../lib/gcc/arm-none-eabi/4.7.4/../../../../arm-none-eabi/lib/armv7-m/crt0.o
                0x0000000000010154                _mainCRTStartup
                0x0000000000010154                _start
                0x0000000000010154                start
 .text.Assert_Initialize
                0x00000000000101c4       0x40 /Applications/XDK.app/Contents/MacOS/workspace/HttpsExample/debug/objects/source/Assert.o
                0x00000000000101c4                Assert_Initialize
 .text.Assert_Dynamic
                0x0000000000010204       0x2c /Applications/XDK.app/Contents/MacOS/workspace/HttpsExample/debug/objects/source/Assert.o
                0x0000000000010204                Assert_Dynamic
 .text._close   0x0000000000010230       0x18 /Applications/XDK.app/Contents/MacOS/workspace/HttpsExample/debug/objects/source/RetargetStdio.o
                0x0000000000010230                _close
 .text._exit    0x0000000000010248        0xc /Applications/XDK.app/Contents/MacOS/workspace/HttpsExample/debug/objects/source/RetargetStdio.o
                0x0000000000010248                _exit
 .text._fstat   0x0000000000010254       0x24 /Applications/XDK.app/Contents/MacOS/workspace/HttpsExample/debug/objects/source/RetargetStdio.o
                0x0000000000010254                _fstat
 .text._isatty  0x0000000000010278       0x18 /Applications/XDK.app/Contents/MacOS/workspace/HttpsExample/debug/objects/source/RetargetStdio.o
                0x0000000000010278                _isatty
 .text._lseek   0x0000000000010290       0x1c /Applications/XDK.app/Contents/MacOS/workspace/HttpsExample/debug/objects/source/RetargetStdio.o
                0x0000000000010290                _lseek
 .text._read    0x00000000000102ac       0x70 /Applications/XDK.app/Contents/MacOS/workspace/HttpsExample/debug/objects/source/RetargetStdio.o
                0x00000000000102ac                _read
 .text._sbrk    0x000000000001031c       0xa0 /Applications/XDK.app/Contents/MacOS/workspace/HttpsExample/debug/objects/source/RetargetStdio.o
                0x000000000001031c                _sbrk
 .text._write   0x00000000000103bc       0x20 /Applications/XDK.app/Contents/MacOS/workspace/HttpsExample/debug/objects/source/RetargetStdio.o
                0x00000000000103bc                _write
 .text.Retcode_GetPackage
                0x00000000000103dc       0x1c /Applications/XDK.app/Contents/MacOS/workspace/HttpsExample/debug/objects/source/SystemStartup.o
 .text.Retcode_GetModuleId
                0x00000000000103f8       0x1c /Applications/XDK.app/Contents/MacOS/workspace/HttpsExample/debug/objects/source/SystemStartup.o
 .text.Retcode_GetSeverity
                0x0000000000010414       0x24 /Applications/XDK.app/Contents/MacOS/workspace/HttpsExample/debug/objects/source/SystemStartup.o
 .text.Retcode_GetCode
                0x0000000000010438       0x20 /Applications/XDK.app/Contents/MacOS/workspace/HttpsExample/debug/objects/source/SystemStartup.o
 .text.bleGetMacAddress
                0x0000000000010458       0xec /Applications/XDK.app/Contents/MacOS/workspace/HttpsExample/debug/objects/source/SystemStartup.o
 .text.SysTickPreCallback
                0x0000000000010544       0x14 /Applications/XDK.app/Contents/MacOS/workspace/HttpsExample/debug/objects/source/SystemStartup.o
 .text.DefaultErrorHandlingFunc
                0x0000000000010558       0xf4 /Applications/XDK.app/Contents/MacOS/workspace/HttpsExample/debug/objects/source/SystemStartup.o
                0x0000000000010558                DefaultErrorHandlingFunc
 .text.assertIndicationMapping
                0x000000000001064c       0x44 /Applications/XDK.app/Contents/MacOS/workspace/HttpsExample/debug/objects/source/SystemStartup.o
                0x000000000001064c                assertIndicationMapping
 .text.systemStartup
                0x0000000000010690      0x154 /Applications/XDK.app/Contents/MacOS/workspace/HttpsExample/debug/objects/source/SystemStartup.o
                0x0000000000010690                systemStartup
 .text.vApplicationStackOverflowHook
                0x00000000000107e4       0x5c /Applications/XDK.app/Contents/MacOS/workspace/HttpsExample/debug/objects/source/SystemStartup.o
                0x00000000000107e4                vApplicationStackOverflowHook
 .text.vApplicationMallocFailedHook
                0x0000000000010840       0x14 /Applications/XDK.app/Contents/MacOS/workspace/HttpsExample/debug/objects/source/SystemStartup.o
                0x0000000000010840                vApplicationMallocFailedHook
 .text.NVIC_SystemReset
                0x0000000000010854       0x30 /Applications/XDK.app/Contents/MacOS/workspace/HttpsExample/debug/objects/source/UsbResetUtility.o
 .text.UsbResetUtility_SystemReset
                0x0000000000010884       0x10 /Applications/XDK.app/Contents/MacOS/workspace/HttpsExample/debug/objects/source/UsbResetUtility.o
 .text.UsbResetUtility_InteruptHandling
                0x0000000000010894       0x54 /Applications/XDK.app/Contents/MacOS/workspace/HttpsExample/debug/objects/source/UsbResetUtility.o
 .text.UsbResetUtility_Init
                0x00000000000108e8       0x40 /Applications/XDK.app/Contents/MacOS/workspace/HttpsExample/debug/objects/source/UsbResetUtility.o
                0x00000000000108e8                UsbResetUtility_Init
 .text.UsbResetUtility_UsbISRCallback
                0x0000000000010928      0x138 /Applications/XDK.app/Contents/MacOS/workspace/HttpsExample/debug/objects/source/UsbResetUtility.o
                0x0000000000010928                UsbResetUtility_UsbISRCallback
 .text.INT_Disable
                0x0000000000010a60       0x40 /Applications/XDK.app/Contents/MacOS/workspace/HttpsExample/debug/objects/./../Libraries/EMlib/3rd-party/EMLib/usb/src/em_usbdint.o
 .text.INT_Enable
                0x0000000000010aa0       0x54 /Applications/XDK.app/Contents/MacOS/workspace/HttpsExample/debug/objects/./../Libraries/EMlib/3rd-party/EMLib/usb/src/em_usbdint.o
 .text.USBHAL_FlushTxFifo
                0x0000000000010af4       0x4c /Applications/XDK.app/Contents/MacOS/workspace/HttpsExample/debug/objects/./../Libraries/EMlib/3rd-party/EMLib/usb/src/em_usbdint.o
 .text.USBHAL_GetCoreInts
                0x0000000000010b40       0x40 /Applications/XDK.app/Contents/MacOS/workspace/HttpsExample/debug/objects/./../Libraries/EMlib/3rd-party/EMLib/usb/src/em_usbdint.o
 .text.USBDHAL_EnableInts
                0x0000000000010b80       0x70 /Applications/XDK.app/Contents/MacOS/workspace/HttpsExample/debug/objects/./../Libraries/EMlib/3rd-party/EMLib/usb/src/em_usbdint.o
 .text.USBDHAL_Ep0Activate
                0x0000000000010bf0       0x70 /Applications/XDK.app/Contents/MacOS/workspace/HttpsExample/debug/objects/./../Libraries/EMlib/3rd-party/EMLib/usb/src/em_usbdint.o
 .text.USBDHAL_GetAllInEpInts
                0x0000000000010c60       0x48 /Applications/XDK.app/Contents/MacOS/workspace/HttpsExample/debug/objects/./../Libraries/EMlib/3rd-party/EMLib/usb/src/em_usbdint.o
 .text.USBDHAL_GetAllOutEpInts
                0x0000000000010ca8       0x44 /Applications/XDK.app/Contents/MacOS/workspace/HttpsExample/debug/objects/./../Libraries/EMlib/3rd-party/EMLib/usb/src/em_usbdint.o
 .text.USBDHAL_GetInEpInts
                0x0000000000010cec       0x44 /Applications/XDK.app/Contents/MacOS/workspace/HttpsExample/debug/objects/./../Libraries/EMlib/3rd-party/EMLib/usb/src/em_usbdint.o
 .text.USBDHAL_GetOutEpInts
                0x0000000000010d30       0x44 /Applications/XDK.app/Contents/MacOS/workspace/HttpsExample/debug/objects/./../Libraries/EMlib/3rd-party/EMLib/usb/src/em_usbdint.o
 .text.USBDHAL_StartEp0Setup
                0x0000000000010d74       0x88 /Applications/XDK.app/Contents/MacOS/workspace/HttpsExample/debug/objects/./../Libraries/EMlib/3rd-party/EMLib/usb/src/em_usbdint.o
 .text.USBD_GetEpFromAddr
                0x0000000000010dfc       0xa0 /Applications/XDK.app/Contents/MacOS/workspace/HttpsExample/debug/objects/./../Libraries/EMlib/3rd-party/EMLib/usb/src/em_usbdint.o
 .text.USB_IRQHandler
                0x0000000000010e9c      0x16c /Applications/XDK.app/Contents/MacOS/workspace/HttpsExample/debug/objects/./../Libraries/EMlib/3rd-party/EMLib/usb/src/em_usbdint.o
                0x0000000000010e9c                USB_IRQHandler
 .text.Handle_USB_GINTSTS_ENUMDONE
                0x0000000000011008       0x3c /Applications/XDK.app/Contents/MacOS/workspace/HttpsExample/debug/objects/./../Libraries/EMlib/3rd-party/EMLib/usb/src/em_usbdint.o
 .text.Handle_USB_GINTSTS_IEPINT
                0x0000000000011044      0x118 /Applications/XDK.app/Contents/MacOS/workspace/HttpsExample/debug/objects/./../Libraries/EMlib/3rd-party/EMLib/usb/src/em_usbdint.o
 .text.Handle_USB_GINTSTS_OEPINT
                0x000000000001115c      0x230 /Applications/XDK.app/Contents/MacOS/workspace/HttpsExample/debug/objects/./../Libraries/EMlib/3rd-party/EMLib/usb/src/em_usbdint.o
 .text.Handle_USB_GINTSTS_RESETDET
                0x000000000001138c       0x40 /Applications/XDK.app/Contents/MacOS/workspace/HttpsExample/debug/objects/./../Libraries/EMlib/3rd-party/EMLib/usb/src/em_usbdint.o
 .text.Handle_USB_GINTSTS_SOF
                0x00000000000113cc       0x64 /Applications/XDK.app/Contents/MacOS/workspace/HttpsExample/debug/objects/./../Libraries/EMlib/3rd-party/EMLib/usb/src/em_usbdint.o
 .text.Handle_USB_GINTSTS_USBRST
                0x0000000000011430      0x150 /Applications/XDK.app/Contents/MacOS/workspace/HttpsExample/debug/objects/./../Libraries/EMlib/3rd-party/EMLib/usb/src/em_usbdint.o
 .text.Handle_USB_GINTSTS_USBSUSP
                0x0000000000011580       0x68 /Applications/XDK.app/Contents/MacOS/workspace/HttpsExample/debug/objects/./../Libraries/EMlib/3rd-party/EMLib/usb/src/em_usbdint.o
 .text.Handle_USB_GINTSTS_WKUPINT
                0x00000000000115e8       0x30 /Applications/XDK.app/Contents/MacOS/workspace/HttpsExample/debug/objects/./../Libraries/EMlib/3rd-party/EMLib/usb/src/em_usbdint.o
 .text.main     0x0000000000011618       0xa8 /Applications/XDK.app/Contents/MacOS/workspace/HttpsExample/debug/objects/Main.o
                0x0000000000011618                main
 .text.flashCertificate
                0x00000000000116c0       0x98 /Applications/XDK.app/Contents/MacOS/workspace/HttpsExample/debug/objects/HttpsExample.o
                0x00000000000116c0                flashCertificate
 .text.connectServerSecure
                0x0000000000011758       0xb4 /Applications/XDK.app/Contents/MacOS/workspace/HttpsExample/debug/objects/HttpsExample.o
                0x0000000000011758                connectServerSecure
 .text.sendPostRequest
                0x000000000001180c      0x240 /Applications/XDK.app/Contents/MacOS/workspace/HttpsExample/debug/objects/HttpsExample.o
                0x000000000001180c                sendPostRequest
 .text.WlanConnect
                0x0000000000011a4c      0x140 /Applications/XDK.app/Contents/MacOS/workspace/HttpsExample/debug/objects/HttpsExample.o
 .text.setupWlan
                0x0000000000011b8c       0x74 /Applications/XDK.app/Contents/MacOS/workspace/HttpsExample/debug/objects/HttpsExample.o
 .text.appInitSystem
                0x0000000000011c00       0x80 /Applications/XDK.app/Contents/MacOS/workspace/HttpsExample/debug/objects/HttpsExample.o
                0x0000000000011c00                appInitSystem
 .text          0x0000000000011c80       0x98 /Applications/XDK.app/Contents/MacOS/workspace/HttpsExample/debug/objects/startup_efm32gg.o
                0x0000000000011c80                Reset_Handler
                0x0000000000011cb4                Default_Handler
                0x0000000000011cb6                NMI_Handler
                0x0000000000011cb8                HardFault_Handler
                0x0000000000011cba                MemManage_Handler
                0x0000000000011cbc                BusFault_Handler
                0x0000000000011cbe                UsageFault_Handler
                0x0000000000011cc2                DebugMon_Handler
                0x0000000000011ccc                TIMER0_IRQHandler
                0x0000000000011cd2                ACMP0_IRQHandler
                0x0000000000011cd6                ADC0_IRQHandler
                0x0000000000011cd8                DAC0_IRQHandler
                0x0000000000011cdc                I2C1_IRQHandler
                0x0000000000011ce0                TIMER1_IRQHandler
                0x0000000000011ce2                TIMER2_IRQHandler
                0x0000000000011ce4                TIMER3_IRQHandler
                0x0000000000011cea                LESENSE_IRQHandler
                0x0000000000011cec                USART2_RX_IRQHandler
                0x0000000000011cee                USART2_TX_IRQHandler
                0x0000000000011cf4                UART1_RX_IRQHandler
                0x0000000000011cf6                UART1_TX_IRQHandler
                0x0000000000011cf8                LEUART0_IRQHandler
                0x0000000000011cfa                LEUART1_IRQHandler
                0x0000000000011cfc                LETIMER0_IRQHandler
                0x0000000000011cfe                PCNT0_IRQHandler
                0x0000000000011d00                PCNT1_IRQHandler
                0x0000000000011d02                PCNT2_IRQHandler
                0x0000000000011d06                BURTC_IRQHandler
                0x0000000000011d08                CMU_IRQHandler
                0x0000000000011d0a                VCMP_IRQHandler
                0x0000000000011d0c                LCD_IRQHandler
                0x0000000000011d0e                MSC_IRQHandler
                0x0000000000011d10                AES_IRQHandler
                0x0000000000011d12                EBI_IRQHandler
                0x0000000000011d14                EMU_IRQHandler
 .text.NVIC_SetPriorityGrouping
                0x0000000000011d18       0x50 ./../Platform/BSP/debug/libBSP_efm32_debug.a(BSP_Board.o)
 .text.NVIC_EnableIRQ
                0x0000000000011d68       0x38 ./../Platform/BSP/debug/libBSP_efm32_debug.a(BSP_Board.o)
 .text.NVIC_DisableIRQ
                0x0000000000011da0       0x3c ./../Platform/BSP/debug/libBSP_efm32_debug.a(BSP_Board.o)
 .text.NVIC_ClearPendingIRQ
                0x0000000000011ddc       0x3c ./../Platform/BSP/debug/libBSP_efm32_debug.a(BSP_Board.o)
 .text.NVIC_SetPriority
                0x0000000000011e18       0x5c ./../Platform/BSP/debug/libBSP_efm32_debug.a(BSP_Board.o)
 .text.SysTick_Config
                0x0000000000011e74       0x64 ./../Platform/BSP/debug/libBSP_efm32_debug.a(BSP_Board.o)
 .text.CHIP_Init
                0x0000000000011ed8       0x50 ./../Platform/BSP/debug/libBSP_efm32_debug.a(BSP_Board.o)
 .text.GPIO_PinOutClear
                0x0000000000011f28       0x4c ./../Platform/BSP/debug/libBSP_efm32_debug.a(BSP_Board.o)
 .text.GPIO_PinOutSet
                0x0000000000011f74       0x4c ./../Platform/BSP/debug/libBSP_efm32_debug.a(BSP_Board.o)
 .text.INT_Disable
                0x0000000000011fc0       0x40 ./../Platform/BSP/debug/libBSP_efm32_debug.a(BSP_Board.o)
 .text.INT_Enable
                0x0000000000012000       0x54 ./../Platform/BSP/debug/libBSP_efm32_debug.a(BSP_Board.o)
 .text.BSP_Board_OSTickInitialize
                0x0000000000012054       0x2c ./../Platform/BSP/debug/libBSP_efm32_debug.a(BSP_Board.o)
                0x0000000000012054                BSP_Board_OSTickInitialize
 .text.BSP_Board_Initialize
                0x0000000000012080      0x150 ./../Platform/BSP/debug/libBSP_efm32_debug.a(BSP_Board.o)
                0x0000000000012080                BSP_Board_Initialize
 .text.BSP_Board_Delay
                0x00000000000121d0       0x30 ./../Platform/BSP/debug/libBSP_efm32_debug.a(BSP_Board.o)
                0x00000000000121d0                BSP_Board_Delay
 .text.BSP_Board_SetOStoBSPDelayFunc
                0x0000000000012200       0x20 ./../Platform/BSP/debug/libBSP_efm32_debug.a(BSP_Board.o)
                0x0000000000012200                BSP_Board_SetOStoBSPDelayFunc
 .text.Board_GPIOInterruptInit
                0x0000000000012220       0x30 ./../Platform/BSP/debug/libBSP_efm32_debug.a(BSP_Board.o)
                0x0000000000012220                Board_GPIOInterruptInit
 .text.Board_GPIOInterruptRegisterCallback
                0x0000000000012250       0x38 ./../Platform/BSP/debug/libBSP_efm32_debug.a(BSP_Board.o)
                0x0000000000012250                Board_GPIOInterruptRegisterCallback
 .text.Board_GPIOInterruptDispatch
                0x0000000000012288       0x64 ./../Platform/BSP/debug/libBSP_efm32_debug.a(BSP_Board.o)
                0x0000000000012288                Board_GPIOInterruptDispatch
 .text.Board_UART0_UART_Init
                0x00000000000122ec       0xcc ./../Platform/BSP/debug/libBSP_efm32_debug.a(BSP_Board.o)
                0x00000000000122ec                Board_UART0_UART_Init
 .text.Board_UART1_UART_Init
                0x00000000000123b8       0xcc ./../Platform/BSP/debug/libBSP_efm32_debug.a(BSP_Board.o)
                0x00000000000123b8                Board_UART1_UART_Init
 .text.Board_USART0_SPI_Init
                0x0000000000012484       0xa8 ./../Platform/BSP/debug/libBSP_efm32_debug.a(BSP_Board.o)
                0x0000000000012484                Board_USART0_SPI_Init
 .text.Board_USART1_SPI_Init
                0x000000000001252c       0x8c ./../Platform/BSP/debug/libBSP_efm32_debug.a(BSP_Board.o)
                0x000000000001252c                Board_USART1_SPI_Init
 .text.Board_GPIO_Init
                0x00000000000125b8       0x6c ./../Platform/BSP/debug/libBSP_efm32_debug.a(BSP_Board.o)
                0x00000000000125b8                Board_GPIO_Init
 .text.Board_WakeupPowerSupply2V5
                0x0000000000012624       0x50 ./../Platform/BSP/debug/libBSP_efm32_debug.a(BSP_Board.o)
                0x0000000000012624                Board_WakeupPowerSupply2V5
 .text.Board_SnoozePowerSupply2V5
                0x0000000000012674       0x4c ./../Platform/BSP/debug/libBSP_efm32_debug.a(BSP_Board.o)
                0x0000000000012674                Board_SnoozePowerSupply2V5
 .text.PowerSupply2V5UpdateRegister
                0x00000000000126c0      0x268 ./../Platform/BSP/debug/libBSP_efm32_debug.a(BSP_Board.o)
                0x00000000000126c0                PowerSupply2V5UpdateRegister
 .text.Board_ADC_Init
                0x0000000000012928       0x78 ./../Platform/BSP/debug/libBSP_efm32_debug.a(BSP_Board.o)
                0x0000000000012928                Board_ADC_Init
 .text.Board_I2C0_Init
                0x00000000000129a0       0x54 ./../Platform/BSP/debug/libBSP_efm32_debug.a(BSP_Board.o)
                0x00000000000129a0                Board_I2C0_Init
 .text.Board_I2C1_Init
                0x00000000000129f4       0x54 ./../Platform/BSP/debug/libBSP_efm32_debug.a(BSP_Board.o)
                0x00000000000129f4                Board_I2C1_Init
 .text.Board_USB_Init
                0x0000000000012a48       0x70 ./../Platform/BSP/debug/libBSP_efm32_debug.a(BSP_Board.o)
                0x0000000000012a48                Board_USB_Init
 .text.Board_IncTick
                0x0000000000012ab8       0x24 ./../Platform/BSP/debug/libBSP_efm32_debug.a(BSP_Board.o)
                0x0000000000012ab8                Board_IncTick
 .text.Board_GetTick
                0x0000000000012adc       0x18 ./../Platform/BSP/debug/libBSP_efm32_debug.a(BSP_Board.o)
                0x0000000000012adc                Board_GetTick
 .text.Board_Delay
                0x0000000000012af4       0x30 ./../Platform/BSP/debug/libBSP_efm32_debug.a(BSP_Board.o)
                0x0000000000012af4                Board_Delay
 .text.Board_RTC_Init
                0x0000000000012b24       0xa0 ./../Platform/BSP/debug/libBSP_efm32_debug.a(BSP_Board.o)
                0x0000000000012b24                Board_RTC_Init
 .text.Board_BURTC_Init
                0x0000000000012bc4       0x28 ./../Platform/BSP/debug/libBSP_efm32_debug.a(BSP_Board.o)
                0x0000000000012bc4                Board_BURTC_Init
 .text.BSP_Board_EnableSysTick
                0x0000000000012bec       0x38 ./../Platform/BSP/debug/libBSP_efm32_debug.a(BSP_Board.o)
                0x0000000000012bec                BSP_Board_EnableSysTick
 .text.NVIC_EnableIRQ
                0x0000000000012c24       0x38 ./../Platform/BSP/debug/libBSP_efm32_debug.a(BSP_DMA.o)
 .text.NVIC_ClearPendingIRQ
                0x0000000000012c5c       0x3c ./../Platform/BSP/debug/libBSP_efm32_debug.a(BSP_DMA.o)
 .text.NVIC_SetPriority
                0x0000000000012c98       0x5c ./../Platform/BSP/debug/libBSP_efm32_debug.a(BSP_DMA.o)
 .text.BSP_DMA_Initialize
                0x0000000000012cf4       0x88 ./../Platform/BSP/debug/libBSP_efm32_debug.a(BSP_DMA.o)
                0x0000000000012cf4                BSP_DMA_Initialize
 .text.BSP_DMA_Enable
                0x0000000000012d7c       0x54 ./../Platform/BSP/debug/libBSP_efm32_debug.a(BSP_DMA.o)
                0x0000000000012d7c                BSP_DMA_Enable
 .text.GPIO_IntClear
                0x0000000000012dd0       0x20 ./../Platform/BSP/debug/libBSP_efm32_debug.a(BSP_IrqHandler.o)
 .text.GPIO_IntGetEnabled
                0x0000000000012df0       0x30 ./../Platform/BSP/debug/libBSP_efm32_debug.a(BSP_IrqHandler.o)
 .text.SysTick_Handler
                0x0000000000012e20       0x40 ./../Platform/BSP/debug/libBSP_efm32_debug.a(BSP_IrqHandler.o)
                0x0000000000012e20                SysTick_Handler
 .text.GPIO_EVEN_IRQHandler
                0x0000000000012e60       0x28 ./../Platform/BSP/debug/libBSP_efm32_debug.a(BSP_IrqHandler.o)
                0x0000000000012e60                GPIO_EVEN_IRQHandler
 .text.GPIO_ODD_IRQHandler
                0x0000000000012e88       0x28 ./../Platform/BSP/debug/libBSP_efm32_debug.a(BSP_IrqHandler.o)
                0x0000000000012e88                GPIO_ODD_IRQHandler
 .text.UART0_TX_IRQHandler
                0x0000000000012eb0        0xc ./../Platform/BSP/debug/libBSP_efm32_debug.a(BSP_IrqHandler.o)
                0x0000000000012eb0                UART0_TX_IRQHandler
 .text.UART0_RX_IRQHandler
                0x0000000000012ebc        0xc ./../Platform/BSP/debug/libBSP_efm32_debug.a(BSP_IrqHandler.o)
                0x0000000000012ebc                UART0_RX_IRQHandler
 .text.USART0_TX_IRQHandler
                0x0000000000012ec8        0xc ./../Platform/BSP/debug/libBSP_efm32_debug.a(BSP_IrqHandler.o)
                0x0000000000012ec8                USART0_TX_IRQHandler
 .text.USART0_RX_IRQHandler
                0x0000000000012ed4        0xc ./../Platform/BSP/debug/libBSP_efm32_debug.a(BSP_IrqHandler.o)
                0x0000000000012ed4                USART0_RX_IRQHandler
 .text.I2C0_IRQHandler
                0x0000000000012ee0        0xc ./../Platform/BSP/debug/libBSP_efm32_debug.a(BSP_IrqHandler.o)
                0x0000000000012ee0                I2C0_IRQHandler
 .text.USART1_TX_IRQHandler
                0x0000000000012eec        0xc ./../Platform/BSP/debug/libBSP_efm32_debug.a(BSP_IrqHandler.o)
                0x0000000000012eec                USART1_TX_IRQHandler
 .text.USART1_RX_IRQHandler
                0x0000000000012ef8        0xc ./../Platform/BSP/debug/libBSP_efm32_debug.a(BSP_IrqHandler.o)
                0x0000000000012ef8                USART1_RX_IRQHandler
 .text.RTC_IRQHandler
                0x0000000000012f04        0xc ./../Platform/BSP/debug/libBSP_efm32_debug.a(BSP_IrqHandler.o)
                0x0000000000012f04                RTC_IRQHandler
 .text.IrqHandler_SysTickDummyHandler
                0x0000000000012f10       0x10 ./../Platform/BSP/debug/libBSP_efm32_debug.a(BSP_IrqHandler.o)
                0x0000000000012f10                IrqHandler_SysTickDummyHandler
 .text.GPIO_PinOutClear
                0x0000000000012f20       0x4c ./../Platform/BSP/debug/libBSP_efm32_debug.a(BSP_LED.o)
 .text.GPIO_PinOutSet
                0x0000000000012f6c       0x4c ./../Platform/BSP/debug/libBSP_efm32_debug.a(BSP_LED.o)
 .text.GPIO_PinOutToggle
                0x0000000000012fb8       0x4c ./../Platform/BSP/debug/libBSP_efm32_debug.a(BSP_LED.o)
 .text.BSP_LED_Connect
                0x0000000000013004       0x48 ./../Platform/BSP/debug/libBSP_efm32_debug.a(BSP_LED.o)
                0x0000000000013004                BSP_LED_Connect
 .text.BSP_LED_EnableAll
                0x000000000001304c       0x3c ./../Platform/BSP/debug/libBSP_efm32_debug.a(BSP_LED.o)
                0x000000000001304c                BSP_LED_EnableAll
 .text.BSP_LED_Switch
                0x0000000000013088      0x15c ./../Platform/BSP/debug/libBSP_efm32_debug.a(BSP_LED.o)
                0x0000000000013088                BSP_LED_Switch
 .text.BSP_LED_SwitchAll
                0x00000000000131e4       0xd0 ./../Platform/BSP/debug/libBSP_efm32_debug.a(BSP_LED.o)
                0x00000000000131e4                BSP_LED_SwitchAll
 .text.SDCard_SPIRxISR
                0x00000000000132b4       0x28 ./../Platform/BSP/debug/libBSP_efm32_debug.a(BSP_SDCard.o)
                0x00000000000132b4                SDCard_SPIRxISR
 .text.SDCard_SPITxISR
                0x00000000000132dc       0x28 ./../Platform/BSP/debug/libBSP_efm32_debug.a(BSP_SDCard.o)
                0x00000000000132dc                SDCard_SPITxISR
 .text.SensorNode_I2CISR
                0x0000000000013304       0x28 ./../Platform/BSP/debug/libBSP_efm32_debug.a(BSP_SensorNode.o)
                0x0000000000013304                SensorNode_I2CISR
 .text.USB_setSerialNumber
                0x000000000001332c       0x7c ./../Platform/BSP/debug/libBSP_efm32_debug.a(BSP_USB.o)
 .text.USB_dataReceivedCallback
                0x00000000000133a8       0x98 ./../Platform/BSP/debug/libBSP_efm32_debug.a(BSP_USB.o)
 .text.USB_dataTransferred
                0x0000000000013440       0x4c ./../Platform/BSP/debug/libBSP_efm32_debug.a(BSP_USB.o)
 .text.USB_stateChange
                0x000000000001348c       0x58 ./../Platform/BSP/debug/libBSP_efm32_debug.a(BSP_USB.o)
                0x000000000001348c                USB_stateChange
 .text.USB_setupCommand
                0x00000000000134e4      0x108 ./../Platform/BSP/debug/libBSP_efm32_debug.a(BSP_USB.o)
                0x00000000000134e4                USB_setupCommand
 .text.USB_init
                0x00000000000135ec       0xd0 ./../Platform/BSP/debug/libBSP_efm32_debug.a(BSP_USB.o)
                0x00000000000135ec                USB_init
 .text.USB_receiveByte
                0x00000000000136bc       0xa0 ./../Platform/BSP/debug/libBSP_efm32_debug.a(BSP_USB.o)
                0x00000000000136bc                USB_receiveByte
 .text.RETARGET_WriteChar
                0x000000000001375c       0x2c ./../Platform/BSP/debug/libBSP_efm32_debug.a(BSP_USB.o)
                0x000000000001375c                RETARGET_WriteChar
 .text.USB_transmitData
                0x0000000000013788       0xc4 ./../Platform/BSP/debug/libBSP_efm32_debug.a(BSP_USB.o)
                0x0000000000013788                USB_transmitData
 .text.RETARGET_ReadChar
                0x000000000001384c       0x24 ./../Platform/BSP/debug/libBSP_efm32_debug.a(BSP_USB.o)
                0x000000000001384c                RETARGET_ReadChar
 .text.USB_callBackMapping
                0x0000000000013870       0x38 ./../Platform/BSP/debug/libBSP_efm32_debug.a(BSP_USB.o)
                0x0000000000013870                USB_callBackMapping
 .text.NVIC_EnableIRQ
                0x00000000000138a8       0x38 ./../Platform/BSP/debug/libBSP_efm32_debug.a(BSP_WiFi_cc3100mod.o)
 .text.NVIC_DisableIRQ
                0x00000000000138e0       0x3c ./../Platform/BSP/debug/libBSP_efm32_debug.a(BSP_WiFi_cc3100mod.o)
 .text.NVIC_ClearPendingIRQ
                0x000000000001391c       0x3c ./../Platform/BSP/debug/libBSP_efm32_debug.a(BSP_WiFi_cc3100mod.o)
 .text.NVIC_SetPriority
                0x0000000000013958       0x5c ./../Platform/BSP/debug/libBSP_efm32_debug.a(BSP_WiFi_cc3100mod.o)
 .text.GPIO_IntClear
                0x00000000000139b4       0x20 ./../Platform/BSP/debug/libBSP_efm32_debug.a(BSP_WiFi_cc3100mod.o)
 .text.GPIO_IntDisable
                0x00000000000139d4       0x34 ./../Platform/BSP/debug/libBSP_efm32_debug.a(BSP_WiFi_cc3100mod.o)
 .text.GPIO_IntEnable
                0x0000000000013a08       0x30 ./../Platform/BSP/debug/libBSP_efm32_debug.a(BSP_WiFi_cc3100mod.o)
 .text.GPIO_PinOutClear
                0x0000000000013a38       0x4c ./../Platform/BSP/debug/libBSP_efm32_debug.a(BSP_WiFi_cc3100mod.o)
 .text.GPIO_PinOutSet
                0x0000000000013a84       0x4c ./../Platform/BSP/debug/libBSP_efm32_debug.a(BSP_WiFi_cc3100mod.o)
 .text.Board_GPIOInterruptUnregisterCallback
                0x0000000000013ad0       0x20 ./../Platform/BSP/debug/libBSP_efm32_debug.a(BSP_WiFi_cc3100mod.o)
 .text.BSP_WiFi_CC3100MOD_Connect
                0x0000000000013af0      0x1e8 ./../Platform/BSP/debug/libBSP_efm32_debug.a(BSP_WiFi_cc3100mod.o)
                0x0000000000013af0                BSP_WiFi_CC3100MOD_Connect
 .text.BSP_WiFi_CC3100MOD_Enable
                0x0000000000013cd8      0x1a4 ./../Platform/BSP/debug/libBSP_efm32_debug.a(BSP_WiFi_cc3100mod.o)
                0x0000000000013cd8                BSP_WiFi_CC3100MOD_Enable
 .text.BSP_WiFi_CC3100MOD_Disable
                0x0000000000013e7c       0xb0 ./../Platform/BSP/debug/libBSP_efm32_debug.a(BSP_WiFi_cc3100mod.o)
                0x0000000000013e7c                BSP_WiFi_CC3100MOD_Disable
 .text.BSP_WiFi_CC3100MOD_GetSPIHandle
                0x0000000000013f2c       0x14 ./../Platform/BSP/debug/libBSP_efm32_debug.a(BSP_WiFi_cc3100mod.o)
                0x0000000000013f2c                BSP_WiFi_CC3100MOD_GetSPIHandle
 .text.BSP_WiFi_CC3100MOD_SetCSLow
                0x0000000000013f40       0x18 ./../Platform/BSP/debug/libBSP_efm32_debug.a(BSP_WiFi_cc3100mod.o)
                0x0000000000013f40                BSP_WiFi_CC3100MOD_SetCSLow
 .text.BSP_WiFi_CC3100MOD_SetCSHigh
                0x0000000000013f58       0x18 ./../Platform/BSP/debug/libBSP_efm32_debug.a(BSP_WiFi_cc3100mod.o)
                0x0000000000013f58                BSP_WiFi_CC3100MOD_SetCSHigh
 .text.WiFi_CC3100MOD_SPIRxISR
                0x0000000000013f70       0x28 ./../Platform/BSP/debug/libBSP_efm32_debug.a(BSP_WiFi_cc3100mod.o)
                0x0000000000013f70                WiFi_CC3100MOD_SPIRxISR
 .text.WiFi_CC3100MOD_SPITxISR
                0x0000000000013f98       0x28 ./../Platform/BSP/debug/libBSP_efm32_debug.a(BSP_WiFi_cc3100mod.o)
                0x0000000000013f98                WiFi_CC3100MOD_SPITxISR
 .text.WiFi_CC3100MOD_SPI_RxDMAComplete
                0x0000000000013fc0       0x38 ./../Platform/BSP/debug/libBSP_efm32_debug.a(BSP_WiFi_cc3100mod.o)
                0x0000000000013fc0                WiFi_CC3100MOD_SPI_RxDMAComplete
 .text.WiFi_CC3100MOD_SPI_TxDMAComplete
                0x0000000000013ff8       0x38 ./../Platform/BSP/debug/libBSP_efm32_debug.a(BSP_WiFi_cc3100mod.o)
                0x0000000000013ff8                WiFi_CC3100MOD_SPI_TxDMAComplete
 .text.WiFi_INT_InterruptCallback
                0x0000000000014030       0x14 ./../Platform/BSP/debug/libBSP_efm32_debug.a(BSP_WiFi_cc3100mod.o)
 .text.BT_EM9301_UART_TxISR
                0x0000000000014044       0x28 ./../Platform/BSP/debug/libBSP_efm32_debug.a(BSP_BT_EM9301.o)
                0x0000000000014044                BT_EM9301_UART_TxISR
 .text.BT_EM9301_UART_RxISR
                0x000000000001406c       0x28 ./../Platform/BSP/debug/libBSP_efm32_debug.a(BSP_BT_EM9301.o)
                0x000000000001406c                BT_EM9301_UART_RxISR
 .text.xTaskGenericCreate
                0x0000000000014094      0x1d0 ./../Libraries/FreeRTOS/debug/libFreeRTOS_efm32_debug.a(tasks.o)
                0x0000000000014094                xTaskGenericCreate
 .text.vTaskDelay
                0x0000000000014264       0xac ./../Libraries/FreeRTOS/debug/libFreeRTOS_efm32_debug.a(tasks.o)
                0x0000000000014264                vTaskDelay
 .text.vTaskStartScheduler
                0x0000000000014310       0xa0 ./../Libraries/FreeRTOS/debug/libFreeRTOS_efm32_debug.a(tasks.o)
                0x0000000000014310                vTaskStartScheduler
 .text.vTaskSuspendAll
                0x00000000000143b0       0x24 ./../Libraries/FreeRTOS/debug/libFreeRTOS_efm32_debug.a(tasks.o)
                0x00000000000143b0                vTaskSuspendAll
 .text.xTaskResumeAll
                0x00000000000143d4      0x180 ./../Libraries/FreeRTOS/debug/libFreeRTOS_efm32_debug.a(tasks.o)
                0x00000000000143d4                xTaskResumeAll
 .text.xTaskGetTickCount
                0x0000000000014554       0x20 ./../Libraries/FreeRTOS/debug/libFreeRTOS_efm32_debug.a(tasks.o)
                0x0000000000014554                xTaskGetTickCount
 .text.xTaskIncrementTick
                0x0000000000014574      0x20c ./../Libraries/FreeRTOS/debug/libFreeRTOS_efm32_debug.a(tasks.o)
                0x0000000000014574                xTaskIncrementTick
 .text.vTaskSwitchContext
                0x0000000000014780      0x150 ./../Libraries/FreeRTOS/debug/libFreeRTOS_efm32_debug.a(tasks.o)
                0x0000000000014780                vTaskSwitchContext
 .text.vTaskPlaceOnEventList
                0x00000000000148d0       0xc4 ./../Libraries/FreeRTOS/debug/libFreeRTOS_efm32_debug.a(tasks.o)
                0x00000000000148d0                vTaskPlaceOnEventList
 .text.vTaskPlaceOnEventListRestricted
                0x0000000000014994       0xc4 ./../Libraries/FreeRTOS/debug/libFreeRTOS_efm32_debug.a(tasks.o)
                0x0000000000014994                vTaskPlaceOnEventListRestricted
 .text.xTaskRemoveFromEventList
                0x0000000000014a58       0xe8 ./../Libraries/FreeRTOS/debug/libFreeRTOS_efm32_debug.a(tasks.o)
                0x0000000000014a58                xTaskRemoveFromEventList
 .text.vTaskSetTimeOutState
                0x0000000000014b40       0x44 ./../Libraries/FreeRTOS/debug/libFreeRTOS_efm32_debug.a(tasks.o)
                0x0000000000014b40                vTaskSetTimeOutState
 .text.xTaskCheckForTimeOut
                0x0000000000014b84       0xc4 ./../Libraries/FreeRTOS/debug/libFreeRTOS_efm32_debug.a(tasks.o)
                0x0000000000014b84                xTaskCheckForTimeOut
 .text.vTaskMissedYield
                0x0000000000014c48       0x18 ./../Libraries/FreeRTOS/debug/libFreeRTOS_efm32_debug.a(tasks.o)
                0x0000000000014c48                vTaskMissedYield
 .text.prvIdleTask
                0x0000000000014c60       0x10 ./../Libraries/FreeRTOS/debug/libFreeRTOS_efm32_debug.a(tasks.o)
 .text.prvInitialiseTCBVariables
                0x0000000000014c70       0xbc ./../Libraries/FreeRTOS/debug/libFreeRTOS_efm32_debug.a(tasks.o)
 .text.prvInitialiseTaskLists
                0x0000000000014d2c       0xa4 ./../Libraries/FreeRTOS/debug/libFreeRTOS_efm32_debug.a(tasks.o)
 .text.prvCheckTasksWaitingTermination
                0x0000000000014dd0       0x9c ./../Libraries/FreeRTOS/debug/libFreeRTOS_efm32_debug.a(tasks.o)
 .text.prvAddCurrentTaskToDelayedList
                0x0000000000014e6c       0x8c ./../Libraries/FreeRTOS/debug/libFreeRTOS_efm32_debug.a(tasks.o)
 .text.prvAllocateTCBAndStack
                0x0000000000014ef8       0x7c ./../Libraries/FreeRTOS/debug/libFreeRTOS_efm32_debug.a(tasks.o)
 .text.prvDeleteTCB
                0x0000000000014f74       0x20 ./../Libraries/FreeRTOS/debug/libFreeRTOS_efm32_debug.a(tasks.o)
 .text.prvResetNextTaskUnblockTime
                0x0000000000014f94       0x5c ./../Libraries/FreeRTOS/debug/libFreeRTOS_efm32_debug.a(tasks.o)
 .text.xTaskGetCurrentTaskHandle
                0x0000000000014ff0       0x20 ./../Libraries/FreeRTOS/debug/libFreeRTOS_efm32_debug.a(tasks.o)
                0x0000000000014ff0                xTaskGetCurrentTaskHandle
 .text.xTaskGetSchedulerState
                0x0000000000015010       0x48 ./../Libraries/FreeRTOS/debug/libFreeRTOS_efm32_debug.a(tasks.o)
                0x0000000000015010                xTaskGetSchedulerState
 .text.vTaskPriorityInherit
                0x0000000000015058      0x144 ./../Libraries/FreeRTOS/debug/libFreeRTOS_efm32_debug.a(tasks.o)
                0x0000000000015058                vTaskPriorityInherit
 .text.xTaskPriorityDisinherit
                0x000000000001519c      0x13c ./../Libraries/FreeRTOS/debug/libFreeRTOS_efm32_debug.a(tasks.o)
                0x000000000001519c                xTaskPriorityDisinherit
 .text.pvTaskIncrementMutexHeldCount
                0x00000000000152d8       0x38 ./../Libraries/FreeRTOS/debug/libFreeRTOS_efm32_debug.a(tasks.o)
                0x00000000000152d8                pvTaskIncrementMutexHeldCount
 .text.xTimerCreateTimerTask
                0x0000000000015310       0x78 ./../Libraries/FreeRTOS/debug/libFreeRTOS_efm32_debug.a(timers.o)
                0x0000000000015310                xTimerCreateTimerTask
 .text.xTimerCreate
                0x0000000000015388       0x7c ./../Libraries/FreeRTOS/debug/libFreeRTOS_efm32_debug.a(timers.o)
                0x0000000000015388                xTimerCreate
 .text.xTimerGenericCommand
                0x0000000000015404       0xac ./../Libraries/FreeRTOS/debug/libFreeRTOS_efm32_debug.a(timers.o)
                0x0000000000015404                xTimerGenericCommand
 .text.prvProcessExpiredTimer
                0x00000000000154b0       0x88 ./../Libraries/FreeRTOS/debug/libFreeRTOS_efm32_debug.a(timers.o)
 .text.prvTimerTask
                0x0000000000015538       0x24 ./../Libraries/FreeRTOS/debug/libFreeRTOS_efm32_debug.a(timers.o)
 .text.prvProcessTimerOrBlockTask
                0x000000000001555c       0x78 ./../Libraries/FreeRTOS/debug/libFreeRTOS_efm32_debug.a(timers.o)
 .text.prvGetNextExpireTime
                0x00000000000155d4       0x54 ./../Libraries/FreeRTOS/debug/libFreeRTOS_efm32_debug.a(timers.o)
 .text.prvSampleTimeNow
                0x0000000000015628       0x4c ./../Libraries/FreeRTOS/debug/libFreeRTOS_efm32_debug.a(timers.o)
 .text.prvInsertTimerInActiveList
                0x0000000000015674       0x94 ./../Libraries/FreeRTOS/debug/libFreeRTOS_efm32_debug.a(timers.o)
 .text.prvProcessReceivedCommands
                0x0000000000015708      0x174 ./../Libraries/FreeRTOS/debug/libFreeRTOS_efm32_debug.a(timers.o)
 .text.prvSwitchTimerLists
                0x000000000001587c       0xf0 ./../Libraries/FreeRTOS/debug/libFreeRTOS_efm32_debug.a(timers.o)
 .text.prvCheckForValidListAndQueue
                0x000000000001596c       0xb8 ./../Libraries/FreeRTOS/debug/libFreeRTOS_efm32_debug.a(timers.o)
 .text.xTimerIsTimerActive
                0x0000000000015a24       0x30 ./../Libraries/FreeRTOS/debug/libFreeRTOS_efm32_debug.a(timers.o)
                0x0000000000015a24                xTimerIsTimerActive
 .text.pvTimerGetTimerID
                0x0000000000015a54       0x3c ./../Libraries/FreeRTOS/debug/libFreeRTOS_efm32_debug.a(timers.o)
                0x0000000000015a54                pvTimerGetTimerID
 .text.xTimerPendFunctionCallFromISR
                0x0000000000015a90       0x4c ./../Libraries/FreeRTOS/debug/libFreeRTOS_efm32_debug.a(timers.o)
                0x0000000000015a90                xTimerPendFunctionCallFromISR
 .text.pvPortMalloc
                0x0000000000015adc      0x1e0 ./../Libraries/FreeRTOS/debug/libFreeRTOS_efm32_debug.a(heap_4.o)
                0x0000000000015adc                pvPortMalloc
 .text.vPortFree
                0x0000000000015cbc       0xcc ./../Libraries/FreeRTOS/debug/libFreeRTOS_efm32_debug.a(heap_4.o)
                0x0000000000015cbc                vPortFree
 .text.prvHeapInit
                0x0000000000015d88       0xfc ./../Libraries/FreeRTOS/debug/libFreeRTOS_efm32_debug.a(heap_4.o)
 .text.prvInsertBlockIntoFreeList
                0x0000000000015e84       0xbc ./../Libraries/FreeRTOS/debug/libFreeRTOS_efm32_debug.a(heap_4.o)
 .text.pxPortInitialiseStack
                0x0000000000015f40       0x64 ./../Libraries/FreeRTOS/debug/libFreeRTOS_efm32_debug.a(port.o)
                0x0000000000015f40                pxPortInitialiseStack
 .text.prvTaskExitError
                0x0000000000015fa4       0x2c ./../Libraries/FreeRTOS/debug/libFreeRTOS_efm32_debug.a(port.o)
 .text.SVC_Handler
                0x0000000000015fd0       0x24 ./../Libraries/FreeRTOS/debug/libFreeRTOS_efm32_debug.a(port.o)
                0x0000000000015fd0                SVC_Handler
 .text.prvPortStartFirstTask
                0x0000000000015ff4       0x20 ./../Libraries/FreeRTOS/debug/libFreeRTOS_efm32_debug.a(port.o)
 .text.xPortStartScheduler
                0x0000000000016014      0x10c ./../Libraries/FreeRTOS/debug/libFreeRTOS_efm32_debug.a(port.o)
                0x0000000000016014                xPortStartScheduler
 .text.vPortYield
                0x0000000000016120       0x20 ./../Libraries/FreeRTOS/debug/libFreeRTOS_efm32_debug.a(port.o)
                0x0000000000016120                vPortYield
 .text.vPortEnterCritical
                0x0000000000016140       0x58 ./../Libraries/FreeRTOS/debug/libFreeRTOS_efm32_debug.a(port.o)
                0x0000000000016140                vPortEnterCritical
 .text.vPortExitCritical
                0x0000000000016198       0x54 ./../Libraries/FreeRTOS/debug/libFreeRTOS_efm32_debug.a(port.o)
                0x0000000000016198                vPortExitCritical
 .text.ulPortSetInterruptMask
                0x00000000000161ec       0x14 ./../Libraries/FreeRTOS/debug/libFreeRTOS_efm32_debug.a(port.o)
                0x00000000000161ec                ulPortSetInterruptMask
 .text.vPortClearInterruptMask
                0x0000000000016200        0x8 ./../Libraries/FreeRTOS/debug/libFreeRTOS_efm32_debug.a(port.o)
                0x0000000000016200                vPortClearInterruptMask
 .text.PendSV_Handler
                0x0000000000016208       0x44 ./../Libraries/FreeRTOS/debug/libFreeRTOS_efm32_debug.a(port.o)
                0x0000000000016208                PendSV_Handler
 .text.xPortSysTickHandler
                0x000000000001624c       0x2c ./../Libraries/FreeRTOS/debug/libFreeRTOS_efm32_debug.a(port.o)
                0x000000000001624c                xPortSysTickHandler
 .text.vPortSetupTimerInterrupt
                0x0000000000016278       0x28 ./../Libraries/FreeRTOS/debug/libFreeRTOS_efm32_debug.a(port.o)
                0x0000000000016278                vPortSetupTimerInterrupt
 .text.vPortValidateInterruptPriority
                0x00000000000162a0       0x78 ./../Libraries/FreeRTOS/debug/libFreeRTOS_efm32_debug.a(port.o)
                0x00000000000162a0                vPortValidateInterruptPriority
 .text.vListInitialise
                0x0000000000016318       0x40 ./../Libraries/FreeRTOS/debug/libFreeRTOS_efm32_debug.a(list.o)
                0x0000000000016318                vListInitialise
 .text.vListInitialiseItem
                0x0000000000016358       0x1c ./../Libraries/FreeRTOS/debug/libFreeRTOS_efm32_debug.a(list.o)
                0x0000000000016358                vListInitialiseItem
 .text.vListInsertEnd
                0x0000000000016374       0x48 ./../Libraries/FreeRTOS/debug/libFreeRTOS_efm32_debug.a(list.o)
                0x0000000000016374                vListInsertEnd
 .text.vListInsert
                0x00000000000163bc       0x74 ./../Libraries/FreeRTOS/debug/libFreeRTOS_efm32_debug.a(list.o)
                0x00000000000163bc                vListInsert
 .text.uxListRemove
                0x0000000000016430       0x58 ./../Libraries/FreeRTOS/debug/libFreeRTOS_efm32_debug.a(list.o)
                0x0000000000016430                uxListRemove
 .text.xQueueGenericReset
                0x0000000000016488       0xc8 ./../Libraries/FreeRTOS/debug/libFreeRTOS_efm32_debug.a(queue.o)
                0x0000000000016488                xQueueGenericReset
 .text.xQueueGenericCreate
                0x0000000000016550       0xb8 ./../Libraries/FreeRTOS/debug/libFreeRTOS_efm32_debug.a(queue.o)
                0x0000000000016550                xQueueGenericCreate
 .text.xQueueCreateMutex
                0x0000000000016608       0xb8 ./../Libraries/FreeRTOS/debug/libFreeRTOS_efm32_debug.a(queue.o)
                0x0000000000016608                xQueueCreateMutex
 .text.xQueueGenericSend
                0x00000000000166c0      0x1c8 ./../Libraries/FreeRTOS/debug/libFreeRTOS_efm32_debug.a(queue.o)
                0x00000000000166c0                xQueueGenericSend
 .text.xQueueGenericSendFromISR
                0x0000000000016888      0x110 ./../Libraries/FreeRTOS/debug/libFreeRTOS_efm32_debug.a(queue.o)
                0x0000000000016888                xQueueGenericSendFromISR
 .text.xQueueGiveFromISR
                0x0000000000016998      0x108 ./../Libraries/FreeRTOS/debug/libFreeRTOS_efm32_debug.a(queue.o)
                0x0000000000016998                xQueueGiveFromISR
 .text.xQueueGenericReceive
                0x0000000000016aa0      0x1e0 ./../Libraries/FreeRTOS/debug/libFreeRTOS_efm32_debug.a(queue.o)
                0x0000000000016aa0                xQueueGenericReceive
 .text.vQueueDelete
                0x0000000000016c80       0x38 ./../Libraries/FreeRTOS/debug/libFreeRTOS_efm32_debug.a(queue.o)
                0x0000000000016c80                vQueueDelete
 .text.prvCopyDataToQueue
                0x0000000000016cb8       0xe8 ./../Libraries/FreeRTOS/debug/libFreeRTOS_efm32_debug.a(queue.o)
 .text.prvCopyDataFromQueue
                0x0000000000016da0       0x50 ./../Libraries/FreeRTOS/debug/libFreeRTOS_efm32_debug.a(queue.o)
 .text.prvUnlockQueue
                0x0000000000016df0       0xc0 ./../Libraries/FreeRTOS/debug/libFreeRTOS_efm32_debug.a(queue.o)
 .text.prvIsQueueEmpty
                0x0000000000016eb0       0x34 ./../Libraries/FreeRTOS/debug/libFreeRTOS_efm32_debug.a(queue.o)
 .text.prvIsQueueFull
                0x0000000000016ee4       0x38 ./../Libraries/FreeRTOS/debug/libFreeRTOS_efm32_debug.a(queue.o)
 .text.vQueueAddToRegistry
                0x0000000000016f1c       0x64 ./../Libraries/FreeRTOS/debug/libFreeRTOS_efm32_debug.a(queue.o)
                0x0000000000016f1c                vQueueAddToRegistry
 .text.vQueueUnregisterQueue
                0x0000000000016f80       0x54 ./../Libraries/FreeRTOS/debug/libFreeRTOS_efm32_debug.a(queue.o)
                0x0000000000016f80                vQueueUnregisterQueue
 .text.vQueueWaitForMessageRestricted
                0x0000000000016fd4       0x64 ./../Libraries/FreeRTOS/debug/libFreeRTOS_efm32_debug.a(queue.o)
                0x0000000000016fd4                vQueueWaitForMessageRestricted
 .text.prvNotifyQueueSetContainer
                0x0000000000017038       0xa8 ./../Libraries/FreeRTOS/debug/libFreeRTOS_efm32_debug.a(queue.o)
 .text.ADC_Init
                0x00000000000170e0       0x68 ./../Libraries/EMlib/debug/libEMLib_efm32_debug.a(em_adc.o)
                0x00000000000170e0                ADC_Init
 .text.ADC_PrescaleCalc
                0x0000000000017148       0x78 ./../Libraries/EMlib/debug/libEMLib_efm32_debug.a(em_adc.o)
                0x0000000000017148                ADC_PrescaleCalc
 .text.ADC_TimebaseCalc
                0x00000000000171c0       0x74 ./../Libraries/EMlib/debug/libEMLib_efm32_debug.a(em_adc.o)
                0x00000000000171c0                ADC_TimebaseCalc
 .text.BITBAND_Peripheral
                0x0000000000017234       0x30 ./../Libraries/EMlib/debug/libEMLib_efm32_debug.a(em_cmu.o)
 .text.CMU_MaxFreqHfle
                0x0000000000017264       0xb8 ./../Libraries/EMlib/debug/libEMLib_efm32_debug.a(em_cmu.o)
 .text.CMU_FlashWaitStateMax
                0x000000000001731c       0x68 ./../Libraries/EMlib/debug/libEMLib_efm32_debug.a(em_cmu.o)
 .text.CMU_DivToLog2
                0x0000000000017384       0x38 ./../Libraries/EMlib/debug/libEMLib_efm32_debug.a(em_cmu.o)
 .text.CMU_FlashWaitStateControl
                0x00000000000173bc       0xf4 ./../Libraries/EMlib/debug/libEMLib_efm32_debug.a(em_cmu.o)
 .text.CMU_USBCClkGet
                0x00000000000174b0       0x50 ./../Libraries/EMlib/debug/libEMLib_efm32_debug.a(em_cmu.o)
 .text.CMU_AUXClkGet
                0x0000000000017500       0x9c ./../Libraries/EMlib/debug/libEMLib_efm32_debug.a(em_cmu.o)
 .text.CMU_DBGClkGet
                0x000000000001759c       0x64 ./../Libraries/EMlib/debug/libEMLib_efm32_debug.a(em_cmu.o)
 .text.CMU_LFClkGet
                0x0000000000017600       0xd4 ./../Libraries/EMlib/debug/libEMLib_efm32_debug.a(em_cmu.o)
 .text.CMU_Sync
                0x00000000000176d4       0x3c ./../Libraries/EMlib/debug/libEMLib_efm32_debug.a(em_cmu.o)
 .text.CMU_ClockDivSet
                0x0000000000017710      0x298 ./../Libraries/EMlib/debug/libEMLib_efm32_debug.a(em_cmu.o)
                0x0000000000017710                CMU_ClockDivSet
 .text.CMU_ClockEnable
                0x00000000000179a8      0x10c ./../Libraries/EMlib/debug/libEMLib_efm32_debug.a(em_cmu.o)
                0x00000000000179a8                CMU_ClockEnable
 .text.CMU_ClockFreqGet
                0x0000000000017ab4      0x1e8 ./../Libraries/EMlib/debug/libEMLib_efm32_debug.a(em_cmu.o)
                0x0000000000017ab4                CMU_ClockFreqGet
 .text.CMU_ClockSelectGet
                0x0000000000017c9c      0x1a4 ./../Libraries/EMlib/debug/libEMLib_efm32_debug.a(em_cmu.o)
                0x0000000000017c9c                CMU_ClockSelectGet
 .text.CMU_ClockSelectSet
                0x0000000000017e40      0x38c ./../Libraries/EMlib/debug/libEMLib_efm32_debug.a(em_cmu.o)
                0x0000000000017e40                CMU_ClockSelectSet
 .text.CMU_OscillatorEnable
                0x00000000000181cc       0xe8 ./../Libraries/EMlib/debug/libEMLib_efm32_debug.a(em_cmu.o)
                0x00000000000181cc                CMU_OscillatorEnable
 .text.MSC_Init
                0x00000000000182b4      0x108 ./../Libraries/EMlib/debug/libEMLib_efm32_debug.a(em_msc.o)
                0x00000000000182b4                MSC_Init
 .text.MSC_Deinit
                0x00000000000183bc       0x30 ./../Libraries/EMlib/debug/libEMLib_efm32_debug.a(em_msc.o)
                0x00000000000183bc                MSC_Deinit
 .text.NVIC_DisableIRQ
                0x00000000000183ec       0x3c ./../Libraries/EMlib/debug/libEMLib_efm32_debug.a(em_dma.o)
 .text.BITBAND_Peripheral
                0x0000000000018428       0x30 ./../Libraries/EMlib/debug/libEMLib_efm32_debug.a(em_dma.o)
 .text.DMA_Prepare
                0x0000000000018458      0x138 ./../Libraries/EMlib/debug/libEMLib_efm32_debug.a(em_dma.o)
 .text.DMA_IRQHandler
                0x0000000000018590      0x110 ./../Libraries/EMlib/debug/libEMLib_efm32_debug.a(em_dma.o)
                0x0000000000018590                DMA_IRQHandler
 .text.DMA_ActivateBasic
                0x00000000000186a0       0x48 ./../Libraries/EMlib/debug/libEMLib_efm32_debug.a(em_dma.o)
                0x00000000000186a0                DMA_ActivateBasic
 .text.DMA_CfgChannel
                0x00000000000186e8       0xc0 ./../Libraries/EMlib/debug/libEMLib_efm32_debug.a(em_dma.o)
                0x00000000000186e8                DMA_CfgChannel
 .text.DMA_CfgDescr
                0x00000000000187a8       0x84 ./../Libraries/EMlib/debug/libEMLib_efm32_debug.a(em_dma.o)
                0x00000000000187a8                DMA_CfgDescr
 .text.DMA_Reset
                0x000000000001882c       0xd4 ./../Libraries/EMlib/debug/libEMLib_efm32_debug.a(em_dma.o)
                0x000000000001882c                DMA_Reset
 .text.EMU_UpdateOscConfig
                0x0000000000018900       0x20 ./../Libraries/EMlib/debug/libEMLib_efm32_debug.a(em_emu.o)
                0x0000000000018900                EMU_UpdateOscConfig
 .text.BITBAND_Peripheral
                0x0000000000018920       0x30 ./../Libraries/EMlib/debug/libEMLib_efm32_debug.a(em_gpio.o)
 .text.GPIO_DriveModeSet
                0x0000000000018950       0x60 ./../Libraries/EMlib/debug/libEMLib_efm32_debug.a(em_gpio.o)
                0x0000000000018950                GPIO_DriveModeSet
 .text.GPIO_IntConfig
                0x00000000000189b0       0xf4 ./../Libraries/EMlib/debug/libEMLib_efm32_debug.a(em_gpio.o)
                0x00000000000189b0                GPIO_IntConfig
 .text.GPIO_PinModeSet
                0x0000000000018aa4      0x1b8 ./../Libraries/EMlib/debug/libEMLib_efm32_debug.a(em_gpio.o)
                0x0000000000018aa4                GPIO_PinModeSet
 .text.BITBAND_Peripheral
                0x0000000000018c5c       0x30 ./../Libraries/EMlib/debug/libEMLib_efm32_debug.a(em_i2c.o)
 .text.I2C_BusFreqSet
                0x0000000000018c8c       0x94 ./../Libraries/EMlib/debug/libEMLib_efm32_debug.a(em_i2c.o)
                0x0000000000018c8c                I2C_BusFreqSet
 .text.I2C_Init
                0x0000000000018d20       0x84 ./../Libraries/EMlib/debug/libEMLib_efm32_debug.a(em_i2c.o)
                0x0000000000018d20                I2C_Init
 .text.USART_BaudrateAsyncSet
                0x0000000000018da4       0xd0 ./../Libraries/EMlib/debug/libEMLib_efm32_debug.a(em_usart.o)
                0x0000000000018da4                USART_BaudrateAsyncSet
 .text.USART_BaudrateSyncSet
                0x0000000000018e74       0x7c ./../Libraries/EMlib/debug/libEMLib_efm32_debug.a(em_usart.o)
                0x0000000000018e74                USART_BaudrateSyncSet
 .text.USART_InitAsync
                0x0000000000018ef0       0xbc ./../Libraries/EMlib/debug/libEMLib_efm32_debug.a(em_usart.o)
                0x0000000000018ef0                USART_InitAsync
 .text.USART_Reset
                0x0000000000018fac       0xd8 ./../Libraries/EMlib/debug/libEMLib_efm32_debug.a(em_usart.o)
                0x0000000000018fac                USART_Reset
 .text.SYSTEM_ChipRevisionGet
                0x0000000000019084       0x94 ./../Libraries/EMlib/debug/libEMLib_efm32_debug.a(em_system.o)
                0x0000000000019084                SYSTEM_ChipRevisionGet
 .text.NVIC_EnableIRQ
                0x0000000000019118       0x38 ./../Libraries/EMlib/debug/libEMLib_efm32_debug.a(em_usbd.o)
 .text.NVIC_ClearPendingIRQ
                0x0000000000019150       0x3c ./../Libraries/EMlib/debug/libEMLib_efm32_debug.a(em_usbd.o)
 .text.INT_Disable
                0x000000000001918c       0x40 ./../Libraries/EMlib/debug/libEMLib_efm32_debug.a(em_usbd.o)
 .text.INT_Enable
                0x00000000000191cc       0x54 ./../Libraries/EMlib/debug/libEMLib_efm32_debug.a(em_usbd.o)
 .text.USBHAL_DisableGlobalInt
                0x0000000000019220       0x34 ./../Libraries/EMlib/debug/libEMLib_efm32_debug.a(em_usbd.o)
 .text.USBHAL_EnableGlobalInt
                0x0000000000019254       0x34 ./../Libraries/EMlib/debug/libEMLib_efm32_debug.a(em_usbd.o)
 .text.USBDHAL_EnableUsbResetAndSuspendInt
                0x0000000000019288       0x38 ./../Libraries/EMlib/debug/libEMLib_efm32_debug.a(em_usbd.o)
 .text.USBDHAL_EpIsStalled
                0x00000000000192c0       0x3c ./../Libraries/EMlib/debug/libEMLib_efm32_debug.a(em_usbd.o)
 .text.USBDHAL_GetStallStatusEp
                0x00000000000192fc       0xc0 ./../Libraries/EMlib/debug/libEMLib_efm32_debug.a(em_usbd.o)
 .text.USBDHAL_SetEp0InDmaPtr
                0x00000000000193bc       0x28 ./../Libraries/EMlib/debug/libEMLib_efm32_debug.a(em_usbd.o)
 .text.USBDHAL_SetEp0OutDmaPtr
                0x00000000000193e4       0x28 ./../Libraries/EMlib/debug/libEMLib_efm32_debug.a(em_usbd.o)
 .text.USBDHAL_StartEp0In
                0x000000000001940c       0x5c ./../Libraries/EMlib/debug/libEMLib_efm32_debug.a(em_usbd.o)
 .text.USBDHAL_StartEp0Out
                0x0000000000019468       0x5c ./../Libraries/EMlib/debug/libEMLib_efm32_debug.a(em_usbd.o)
 .text.USBDHAL_StartEpIn
                0x00000000000194c4       0xc8 ./../Libraries/EMlib/debug/libEMLib_efm32_debug.a(em_usbd.o)
 .text.USBDHAL_StartEpOut
                0x000000000001958c       0xd4 ./../Libraries/EMlib/debug/libEMLib_efm32_debug.a(em_usbd.o)
 .text.USBD_ArmEp
                0x0000000000019660       0x28 ./../Libraries/EMlib/debug/libEMLib_efm32_debug.a(em_usbd.o)
 .text.USBD_ArmEp0
                0x0000000000019688       0x88 ./../Libraries/EMlib/debug/libEMLib_efm32_debug.a(em_usbd.o)
 .text.USBD_ArmEpN
                0x0000000000019710       0x28 ./../Libraries/EMlib/debug/libEMLib_efm32_debug.a(em_usbd.o)
 .text.USBD_GetEpFromAddr
                0x0000000000019738       0xa0 ./../Libraries/EMlib/debug/libEMLib_efm32_debug.a(em_usbd.o)
 .text.USBD_Disconnect
                0x00000000000197d8       0x14 ./../Libraries/EMlib/debug/libEMLib_efm32_debug.a(em_usbd.o)
                0x00000000000197d8                USBD_Disconnect
 .text.USBD_GetUsbState
                0x00000000000197ec       0x1c ./../Libraries/EMlib/debug/libEMLib_efm32_debug.a(em_usbd.o)
                0x00000000000197ec                USBD_GetUsbState
 .text.USBD_Init
                0x0000000000019808      0x4fc ./../Libraries/EMlib/debug/libEMLib_efm32_debug.a(em_usbd.o)
                0x0000000000019808                USBD_Init
 .text.USBD_Read
                0x0000000000019d04      0x108 ./../Libraries/EMlib/debug/libEMLib_efm32_debug.a(em_usbd.o)
                0x0000000000019d04                USBD_Read
 .text.USBD_SetUsbState
                0x0000000000019e0c       0x98 ./../Libraries/EMlib/debug/libEMLib_efm32_debug.a(em_usbd.o)
                0x0000000000019e0c                USBD_SetUsbState
 .text.USBD_Write
                0x0000000000019ea4      0x10c ./../Libraries/EMlib/debug/libEMLib_efm32_debug.a(em_usbd.o)
                0x0000000000019ea4                USBD_Write
 .text.NVIC_ClearPendingIRQ
                0x0000000000019fb0       0x3c ./../Libraries/EMlib/debug/libEMLib_efm32_debug.a(em_usbhal.o)
 .text.INT_Disable
                0x0000000000019fec       0x40 ./../Libraries/EMlib/debug/libEMLib_efm32_debug.a(em_usbhal.o)
 .text.INT_Enable
                0x000000000001a02c       0x54 ./../Libraries/EMlib/debug/libEMLib_efm32_debug.a(em_usbhal.o)
 .text.USBHAL_FlushRxFifo
                0x000000000001a080       0x3c ./../Libraries/EMlib/debug/libEMLib_efm32_debug.a(em_usbhal.o)
 .text.USBHAL_FlushTxFifo
                0x000000000001a0bc       0x4c ./../Libraries/EMlib/debug/libEMLib_efm32_debug.a(em_usbhal.o)
 .text.USBDHAL_DeactivateEp
                0x000000000001a108       0x88 ./../Libraries/EMlib/debug/libEMLib_efm32_debug.a(em_usbhal.o)
 .text.USBDHAL_GetInEpInts
                0x000000000001a190       0x44 ./../Libraries/EMlib/debug/libEMLib_efm32_debug.a(em_usbhal.o)
 .text.USBDHAL_GetOutEpInts
                0x000000000001a1d4       0x44 ./../Libraries/EMlib/debug/libEMLib_efm32_debug.a(em_usbhal.o)
 .text.USBDHAL_SetEPDISNAK
                0x000000000001a218       0xac ./../Libraries/EMlib/debug/libEMLib_efm32_debug.a(em_usbhal.o)
 .text.USBD_GetEpFromAddr
                0x000000000001a2c4       0xa0 ./../Libraries/EMlib/debug/libEMLib_efm32_debug.a(em_usbhal.o)
 .text.USBHAL_CoreReset
                0x000000000001a364       0xbc ./../Libraries/EMlib/debug/libEMLib_efm32_debug.a(em_usbhal.o)
                0x000000000001a364                USBHAL_CoreReset
 .text.USBDHAL_CoreInit
                0x000000000001a420      0x3ec ./../Libraries/EMlib/debug/libEMLib_efm32_debug.a(em_usbhal.o)
                0x000000000001a420                USBDHAL_CoreInit
 .text.USBDHAL_Disconnect
                0x000000000001a80c       0x3c ./../Libraries/EMlib/debug/libEMLib_efm32_debug.a(em_usbhal.o)
                0x000000000001a80c                USBDHAL_Disconnect
 .text.USBDHAL_AbortAllEps
                0x000000000001a848      0x53c ./../Libraries/EMlib/debug/libEMLib_efm32_debug.a(em_usbhal.o)
                0x000000000001a848                USBDHAL_AbortAllEps
 .text.USBDHAL_AbortAllTransfers
                0x000000000001ad84       0xc8 ./../Libraries/EMlib/debug/libEMLib_efm32_debug.a(em_usbhal.o)
                0x000000000001ad84                USBDHAL_AbortAllTransfers
 .text.USBDHAL_ReenableEp0Setup
                0x000000000001ae4c       0x60 ./../Libraries/EMlib/debug/libEMLib_efm32_debug.a(em_usbdep.o)
 .text.USBDHAL_StallEp
                0x000000000001aeac       0xcc ./../Libraries/EMlib/debug/libEMLib_efm32_debug.a(em_usbdep.o)
 .text.USBDHAL_StartEp0In
                0x000000000001af78       0x5c ./../Libraries/EMlib/debug/libEMLib_efm32_debug.a(em_usbdep.o)
 .text.USBDHAL_StartEp0Out
                0x000000000001afd4       0x5c ./../Libraries/EMlib/debug/libEMLib_efm32_debug.a(em_usbdep.o)
 .text.USBD_GetEpFromAddr
                0x000000000001b030       0xa0 ./../Libraries/EMlib/debug/libEMLib_efm32_debug.a(em_usbdep.o)
 .text.USBD_ReArmEp0
                0x000000000001b0d0       0x64 ./../Libraries/EMlib/debug/libEMLib_efm32_debug.a(em_usbdep.o)
 .text.USBDEP_Ep0Handler
                0x000000000001b134      0x300 ./../Libraries/EMlib/debug/libEMLib_efm32_debug.a(em_usbdep.o)
                0x000000000001b134                USBDEP_Ep0Handler
 .text.USBDEP_EpHandler
                0x000000000001b434       0x60 ./../Libraries/EMlib/debug/libEMLib_efm32_debug.a(em_usbdep.o)
                0x000000000001b434                USBDEP_EpHandler
 .text.TIMER_CounterGet
                0x000000000001b494       0x18 ./../Libraries/EMlib/debug/libEMLib_efm32_debug.a(em_usbtimer.o)
 .text.TIMER_TopSet
                0x000000000001b4ac       0x1c ./../Libraries/EMlib/debug/libEMLib_efm32_debug.a(em_usbtimer.o)
 .text.DelayTicks
                0x000000000001b4c8       0x4c ./../Libraries/EMlib/debug/libEMLib_efm32_debug.a(em_usbtimer.o)
 .text.USBTIMER_DelayMs
                0x000000000001b514       0x84 ./../Libraries/EMlib/debug/libEMLib_efm32_debug.a(em_usbtimer.o)
                0x000000000001b514                USBTIMER_DelayMs
 .text.USBTIMER_DelayUs
                0x000000000001b598      0x124 ./../Libraries/EMlib/debug/libEMLib_efm32_debug.a(em_usbtimer.o)
                0x000000000001b598                USBTIMER_DelayUs
 .text.USBTIMER_Init
                0x000000000001b6bc      0x188 ./../Libraries/EMlib/debug/libEMLib_efm32_debug.a(em_usbtimer.o)
                0x000000000001b6bc                USBTIMER_Init
 .text.GetProdRev
                0x000000000001b844       0x1c ./../Libraries/EMlib/debug/libEMLib_efm32_debug.a(system_efm32gg.o)
 .text.SystemCoreClockGet
                0x000000000001b860       0x58 ./../Libraries/EMlib/debug/libEMLib_efm32_debug.a(system_efm32gg.o)
                0x000000000001b860                SystemCoreClockGet
 .text.SystemHFClockGet
                0x000000000001b8b8      0x110 ./../Libraries/EMlib/debug/libEMLib_efm32_debug.a(system_efm32gg.o)
                0x000000000001b8b8                SystemHFClockGet
 .text.SystemHFXOClockGet
                0x000000000001b9c8       0x18 ./../Libraries/EMlib/debug/libEMLib_efm32_debug.a(system_efm32gg.o)
                0x000000000001b9c8                SystemHFXOClockGet
 .text.SystemInit
                0x000000000001b9e0        0xc ./../Libraries/EMlib/debug/libEMLib_efm32_debug.a(system_efm32gg.o)
                0x000000000001b9e0                SystemInit
 .text.SystemLFRCOClockGet
                0x000000000001b9ec       0x10 ./../Libraries/EMlib/debug/libEMLib_efm32_debug.a(system_efm32gg.o)
                0x000000000001b9ec                SystemLFRCOClockGet
 .text.SystemULFRCOClockGet
                0x000000000001b9fc       0x10 ./../Libraries/EMlib/debug/libEMLib_efm32_debug.a(system_efm32gg.o)
                0x000000000001b9fc                SystemULFRCOClockGet
 .text.SystemLFXOClockGet
                0x000000000001ba0c       0x18 ./../Libraries/EMlib/debug/libEMLib_efm32_debug.a(system_efm32gg.o)
                0x000000000001ba0c                SystemLFXOClockGet
 .text.TIMER_Init
                0x000000000001ba24      0x134 ./../Libraries/EMlib/debug/libEMLib_efm32_debug.a(em_timer.o)
                0x000000000001ba24                TIMER_Init
 .text.TIMER_InitCC
                0x000000000001bb58       0xec ./../Libraries/EMlib/debug/libEMLib_efm32_debug.a(em_timer.o)
                0x000000000001bb58                TIMER_InitCC
 .text.USBDHAL_ActivateEp
                0x000000000001bc44      0x148 ./../Libraries/EMlib/debug/libEMLib_efm32_debug.a(em_usbdch9.o)
 .text.USBDHAL_DeactivateEp
                0x000000000001bd8c       0x88 ./../Libraries/EMlib/debug/libEMLib_efm32_debug.a(em_usbdch9.o)
 .text.USBDHAL_GetStallStatusEp
                0x000000000001be14       0xc0 ./../Libraries/EMlib/debug/libEMLib_efm32_debug.a(em_usbdch9.o)
 .text.USBDHAL_SetAddr
                0x000000000001bed4       0x3c ./../Libraries/EMlib/debug/libEMLib_efm32_debug.a(em_usbdch9.o)
 .text.USBDHAL_StallEp
                0x000000000001bf10       0xcc ./../Libraries/EMlib/debug/libEMLib_efm32_debug.a(em_usbdch9.o)
 .text.USBDHAL_UnStallEp
                0x000000000001bfdc       0xe4 ./../Libraries/EMlib/debug/libEMLib_efm32_debug.a(em_usbdch9.o)
 .text.USBD_ActivateAllEps
                0x000000000001c0c0       0x54 ./../Libraries/EMlib/debug/libEMLib_efm32_debug.a(em_usbdch9.o)
 .text.USBD_DeactivateAllEps
                0x000000000001c114       0x68 ./../Libraries/EMlib/debug/libEMLib_efm32_debug.a(em_usbdch9.o)
 .text.USBD_GetEpFromAddr
                0x000000000001c17c       0xa0 ./../Libraries/EMlib/debug/libEMLib_efm32_debug.a(em_usbdch9.o)
 .text.USBDCH9_SetupCmd
                0x000000000001c21c       0xec ./../Libraries/EMlib/debug/libEMLib_efm32_debug.a(em_usbdch9.o)
                0x000000000001c21c                USBDCH9_SetupCmd
 .text.ClearFeature
                0x000000000001c308       0xcc ./../Libraries/EMlib/debug/libEMLib_efm32_debug.a(em_usbdch9.o)
 .text.GetConfiguration
                0x000000000001c3d4       0xb8 ./../Libraries/EMlib/debug/libEMLib_efm32_debug.a(em_usbdch9.o)
 .text.GetDescriptor
                0x000000000001c48c      0x10c ./../Libraries/EMlib/debug/libEMLib_efm32_debug.a(em_usbdch9.o)
 .text.GetInterface
                0x000000000001c598       0x94 ./../Libraries/EMlib/debug/libEMLib_efm32_debug.a(em_usbdch9.o)
 .text.GetStatus
                0x000000000001c62c      0x1b4 ./../Libraries/EMlib/debug/libEMLib_efm32_debug.a(em_usbdch9.o)
 .text.SetAddress
                0x000000000001c7e0       0xb4 ./../Libraries/EMlib/debug/libEMLib_efm32_debug.a(em_usbdch9.o)
 .text.SetConfiguration
                0x000000000001c894      0x10c ./../Libraries/EMlib/debug/libEMLib_efm32_debug.a(em_usbdch9.o)
 .text.SetFeature
                0x000000000001c9a0      0x100 ./../Libraries/EMlib/debug/libEMLib_efm32_debug.a(em_usbdch9.o)
 .text.SetInterface
                0x000000000001caa0       0x68 ./../Libraries/EMlib/debug/libEMLib_efm32_debug.a(em_usbdch9.o)
 .text._sl_GetStartResponseConvert
                0x000000000001cb08       0x28 ./../Libraries/WiFi/debug/libWiFi_efm32_debug.a(device.o)
 .text.sl_Start
                0x000000000001cb30      0x130 ./../Libraries/WiFi/debug/libWiFi_efm32_debug.a(device.o)
                0x000000000001cb30                sl_Start
 .text._sl_HandleAsync_InitComplete
                0x000000000001cc60       0xe8 ./../Libraries/WiFi/debug/libWiFi_efm32_debug.a(device.o)
                0x000000000001cc60                _sl_HandleAsync_InitComplete
 .text._sl_HandleAsync_Stop
                0x000000000001cd48       0x90 ./../Libraries/WiFi/debug/libWiFi_efm32_debug.a(device.o)
                0x000000000001cd48                _sl_HandleAsync_Stop
 .text.sl_Stop  0x000000000001cdd8      0x110 ./../Libraries/WiFi/debug/libWiFi_efm32_debug.a(device.o)
                0x000000000001cdd8                sl_Stop
 .text.sl_DevSet
                0x000000000001cee8       0x94 ./../Libraries/WiFi/debug/libWiFi_efm32_debug.a(device.o)
                0x000000000001cee8                sl_DevSet
 .text._SlDrvDeviceEventHandler
                0x000000000001cf7c       0xb8 ./../Libraries/WiFi/debug/libWiFi_efm32_debug.a(device.o)
                0x000000000001cf7c                _SlDrvDeviceEventHandler
 .text._SlDrvProtectAsyncRespSetting
                0x000000000001d034       0x5c ./../Libraries/WiFi/debug/libWiFi_efm32_debug.a(driver.o)
                0x000000000001d034                _SlDrvProtectAsyncRespSetting
 .text._SlDrvDriverCBInit
                0x000000000001d090      0x25c ./../Libraries/WiFi/debug/libWiFi_efm32_debug.a(driver.o)
                0x000000000001d090                _SlDrvDriverCBInit
 .text._SlDrvDriverCBDeinit
                0x000000000001d2ec      0x190 ./../Libraries/WiFi/debug/libWiFi_efm32_debug.a(driver.o)
                0x000000000001d2ec                _SlDrvDriverCBDeinit
 .text._SlDrvRxIrqHandler
                0x000000000001d47c       0x80 ./../Libraries/WiFi/debug/libWiFi_efm32_debug.a(driver.o)
                0x000000000001d47c                _SlDrvRxIrqHandler
 .text._SlDrvCmdOp
                0x000000000001d4fc       0xe4 ./../Libraries/WiFi/debug/libWiFi_efm32_debug.a(driver.o)
                0x000000000001d4fc                _SlDrvCmdOp
 .text._SlDrvDataReadOp
                0x000000000001d5e0      0x270 ./../Libraries/WiFi/debug/libWiFi_efm32_debug.a(driver.o)
                0x000000000001d5e0                _SlDrvDataReadOp
 .text._SlDrvDataWriteOp
                0x000000000001d850      0x1c8 ./../Libraries/WiFi/debug/libWiFi_efm32_debug.a(driver.o)
                0x000000000001d850                _SlDrvDataWriteOp
 .text._SlDrvMsgWrite
                0x000000000001da18      0x248 ./../Libraries/WiFi/debug/libWiFi_efm32_debug.a(driver.o)
 .text._SlDrvMsgRead
                0x000000000001dc60      0x7a0 ./../Libraries/WiFi/debug/libWiFi_efm32_debug.a(driver.o)
 .text._SlAsyncEventGenericHandler
                0x000000000001e400      0x120 ./../Libraries/WiFi/debug/libWiFi_efm32_debug.a(driver.o)
 .text._SlDrvMsgReadCmdCtx
                0x000000000001e520      0x19c ./../Libraries/WiFi/debug/libWiFi_efm32_debug.a(driver.o)
 .text._SlDrvMsgReadSpawnCtx
                0x000000000001e6bc      0x10c ./../Libraries/WiFi/debug/libWiFi_efm32_debug.a(driver.o)
                0x000000000001e6bc                _SlDrvMsgReadSpawnCtx
 .text._SlDrvClassifyRxMsg
                0x000000000001e7c8       0xf0 ./../Libraries/WiFi/debug/libWiFi_efm32_debug.a(driver.o)
 .text._SlDrvRxHdrRead
                0x000000000001e8b8      0x2d4 ./../Libraries/WiFi/debug/libWiFi_efm32_debug.a(driver.o)
 .text._SlDrvCmdSend
                0x000000000001eb8c       0x9c ./../Libraries/WiFi/debug/libWiFi_efm32_debug.a(driver.o)
                0x000000000001eb8c                _SlDrvCmdSend
 .text._SlDrvWaitForPoolObj
                0x000000000001ec28      0x254 ./../Libraries/WiFi/debug/libWiFi_efm32_debug.a(driver.o)
                0x000000000001ec28                _SlDrvWaitForPoolObj
 .text._SlDrvReleasePoolObj
                0x000000000001ee7c      0x2fc ./../Libraries/WiFi/debug/libWiFi_efm32_debug.a(driver.o)
                0x000000000001ee7c                _SlDrvReleasePoolObj
 .text._SlRemoveFromList
                0x000000000001f178      0x114 ./../Libraries/WiFi/debug/libWiFi_efm32_debug.a(driver.o)
 .text._SlFindAndSetActiveObj
                0x000000000001f28c      0x1f4 ./../Libraries/WiFi/debug/libWiFi_efm32_debug.a(driver.o)
 .text._SlDrvDispatchHttpServerEvents
                0x000000000001f480       0x1c ./../Libraries/WiFi/debug/libWiFi_efm32_debug.a(driver.o)
                0x000000000001f480                _SlDrvDispatchHttpServerEvents
 .text._SlDrvSyncObjSignal
                0x000000000001f49c       0x30 ./../Libraries/WiFi/debug/libWiFi_efm32_debug.a(driver.o)
                0x000000000001f49c                _SlDrvSyncObjSignal
 .text._SlDrvObjLockWaitForever
                0x000000000001f4cc       0x34 ./../Libraries/WiFi/debug/libWiFi_efm32_debug.a(driver.o)
                0x000000000001f4cc                _SlDrvObjLockWaitForever
 .text._SlDrvProtectionObjLockWaitForever
                0x000000000001f500       0x40 ./../Libraries/WiFi/debug/libWiFi_efm32_debug.a(driver.o)
                0x000000000001f500                _SlDrvProtectionObjLockWaitForever
 .text._SlDrvObjUnLock
                0x000000000001f540       0x30 ./../Libraries/WiFi/debug/libWiFi_efm32_debug.a(driver.o)
                0x000000000001f540                _SlDrvObjUnLock
 .text._SlDrvProtectionObjUnLock
                0x000000000001f570       0x3c ./../Libraries/WiFi/debug/libWiFi_efm32_debug.a(driver.o)
                0x000000000001f570                _SlDrvProtectionObjUnLock
 .text._SlDrvObjGlobalLockWaitForever
                0x000000000001f5ac       0x3c ./../Libraries/WiFi/debug/libWiFi_efm32_debug.a(driver.o)
 .text._SlDrvGlobalObjUnLock
                0x000000000001f5e8       0x3c ./../Libraries/WiFi/debug/libWiFi_efm32_debug.a(driver.o)
                0x000000000001f5e8                _SlDrvGlobalObjUnLock
 .text._SlDrvMemZero
                0x000000000001f624       0x24 ./../Libraries/WiFi/debug/libWiFi_efm32_debug.a(driver.o)
                0x000000000001f624                _SlDrvMemZero
 .text._SlDrvResetCmdExt
                0x000000000001f648       0x1c ./../Libraries/WiFi/debug/libWiFi_efm32_debug.a(driver.o)
                0x000000000001f648                _SlDrvResetCmdExt
 .text._SlDrvSyncObjWaitForever
                0x000000000001f664       0x38 ./../Libraries/WiFi/debug/libWiFi_efm32_debug.a(driver.o)
                0x000000000001f664                _SlDrvSyncObjWaitForever
 .text._SlDrvSyncObjWaitTimeout
                0x000000000001f69c       0x58 ./../Libraries/WiFi/debug/libWiFi_efm32_debug.a(driver.o)
                0x000000000001f69c                _SlDrvSyncObjWaitTimeout
 .text._SlDriverHandleError
                0x000000000001f6f4       0xb4 ./../Libraries/WiFi/debug/libWiFi_efm32_debug.a(driver.o)
                0x000000000001f6f4                _SlDriverHandleError
 .text._sl_Strlen
                0x000000000001f7a8       0x48 ./../Libraries/WiFi/debug/libWiFi_efm32_debug.a(fs.o)
 .text._sl_GetCreateFsMode
                0x000000000001f7f0       0xd0 ./../Libraries/WiFi/debug/libWiFi_efm32_debug.a(fs.o)
                0x000000000001f7f0                _sl_GetCreateFsMode
 .text.sl_FsOpen
                0x000000000001f8c0       0xb0 ./../Libraries/WiFi/debug/libWiFi_efm32_debug.a(fs.o)
                0x000000000001f8c0                sl_FsOpen
 .text.sl_FsClose
                0x000000000001f970       0xc4 ./../Libraries/WiFi/debug/libWiFi_efm32_debug.a(fs.o)
                0x000000000001f970                sl_FsClose
 .text.sl_FsWrite
                0x000000000001fa34      0x100 ./../Libraries/WiFi/debug/libWiFi_efm32_debug.a(fs.o)
                0x000000000001fa34                sl_FsWrite
 .text.sl_NetAppStop
                0x000000000001fb34       0x58 ./../Libraries/WiFi/debug/libWiFi_efm32_debug.a(netapp.o)
                0x000000000001fb34                sl_NetAppStop
 .text._sl_HandleAsync_DnsGetHostByService
                0x000000000001fb8c      0x114 ./../Libraries/WiFi/debug/libWiFi_efm32_debug.a(netapp.o)
                0x000000000001fb8c                _sl_HandleAsync_DnsGetHostByService
 .text.sl_NetAppDnsGetHostByName
                0x000000000001fca0      0x194 ./../Libraries/WiFi/debug/libWiFi_efm32_debug.a(netapp.o)
                0x000000000001fca0                sl_NetAppDnsGetHostByName
 .text._sl_HandleAsync_DnsGetHostByName
                0x000000000001fe34      0x108 ./../Libraries/WiFi/debug/libWiFi_efm32_debug.a(netapp.o)
                0x000000000001fe34                _sl_HandleAsync_DnsGetHostByName
 .text.CopyPingResultsToReport
                0x000000000001ff3c       0x44 ./../Libraries/WiFi/debug/libWiFi_efm32_debug.a(netapp.o)
 .text._sl_HandleAsync_PingResponse
                0x000000000001ff80       0xf4 ./../Libraries/WiFi/debug/libWiFi_efm32_debug.a(netapp.o)
                0x000000000001ff80                _sl_HandleAsync_PingResponse
 .text._sl_NetAppSendTokenValue
                0x0000000000020074       0x88 ./../Libraries/WiFi/debug/libWiFi_efm32_debug.a(netapp.o)
                0x0000000000020074                _sl_NetAppSendTokenValue
 .text._SlDrvNetAppEventHandler
                0x00000000000200fc      0x148 ./../Libraries/WiFi/debug/libWiFi_efm32_debug.a(netapp.o)
                0x00000000000200fc                _SlDrvNetAppEventHandler
 .text._sl_BuildAddress
                0x0000000000020244       0x60 ./../Libraries/WiFi/debug/libWiFi_efm32_debug.a(socket.o)
 .text._sl_TruncatePayloadByProtocol
                0x00000000000202a4       0x44 ./../Libraries/WiFi/debug/libWiFi_efm32_debug.a(socket.o)
 .text.sl_Socket
                0x00000000000202e8       0x7c ./../Libraries/WiFi/debug/libWiFi_efm32_debug.a(socket.o)
                0x00000000000202e8                sl_Socket
 .text.sl_Close
                0x0000000000020364       0x5c ./../Libraries/WiFi/debug/libWiFi_efm32_debug.a(socket.o)
                0x0000000000020364                sl_Close
 .text.sl_Connect
                0x00000000000203c0      0x1b0 ./../Libraries/WiFi/debug/libWiFi_efm32_debug.a(socket.o)
                0x00000000000203c0                sl_Connect
 .text._sl_HandleAsync_Connect
                0x0000000000020570       0xd4 ./../Libraries/WiFi/debug/libWiFi_efm32_debug.a(socket.o)
                0x0000000000020570                _sl_HandleAsync_Connect
 .text.sl_Send  0x0000000000020644      0x124 ./../Libraries/WiFi/debug/libWiFi_efm32_debug.a(socket.o)
                0x0000000000020644                sl_Send
 .text.sl_Htonl
                0x0000000000020768       0x58 ./../Libraries/WiFi/debug/libWiFi_efm32_debug.a(socket.o)
                0x0000000000020768                sl_Htonl
 .text.sl_Htons
                0x00000000000207c0       0x48 ./../Libraries/WiFi/debug/libWiFi_efm32_debug.a(socket.o)
                0x00000000000207c0                sl_Htons
 .text._sl_HandleAsync_Accept
                0x0000000000020808       0xa8 ./../Libraries/WiFi/debug/libWiFi_efm32_debug.a(socket.o)
                0x0000000000020808                _sl_HandleAsync_Accept
 .text._sl_HandleAsync_Select
                0x00000000000208b0       0x94 ./../Libraries/WiFi/debug/libWiFi_efm32_debug.a(socket.o)
                0x00000000000208b0                _sl_HandleAsync_Select
 .text.sl_Recv  0x0000000000020944       0x90 ./../Libraries/WiFi/debug/libWiFi_efm32_debug.a(socket.o)
                0x0000000000020944                sl_Recv
 .text.sl_SetSockOpt
                0x00000000000209d4       0x94 ./../Libraries/WiFi/debug/libWiFi_efm32_debug.a(socket.o)
                0x00000000000209d4                sl_SetSockOpt
 .text.sl_Select
                0x0000000000020a68      0x188 ./../Libraries/WiFi/debug/libWiFi_efm32_debug.a(socket.o)
                0x0000000000020a68                sl_Select
 .text.SL_FD_SET
                0x0000000000020bf0       0x30 ./../Libraries/WiFi/debug/libWiFi_efm32_debug.a(socket.o)
                0x0000000000020bf0                SL_FD_SET
 .text.SL_FD_ISSET
                0x0000000000020c20       0x3c ./../Libraries/WiFi/debug/libWiFi_efm32_debug.a(socket.o)
                0x0000000000020c20                SL_FD_ISSET
 .text.SL_FD_ZERO
                0x0000000000020c5c       0x1c ./../Libraries/WiFi/debug/libWiFi_efm32_debug.a(socket.o)
                0x0000000000020c5c                SL_FD_ZERO
 .text.Retcode_Initialize
                0x0000000000020c78       0x60 ./../Platform/Essentials/release/libEssentials_efm32.a(Retcode.o)
                0x0000000000020c78                Retcode_Initialize
 .text.Retcode_RaiseError
                0x0000000000020cd8       0x24 ./../Platform/Essentials/release/libEssentials_efm32.a(Retcode.o)
                0x0000000000020cd8                Retcode_RaiseError
 .text.Retcode_RaiseErrorFromIsr
                0x0000000000020cfc       0x24 ./../Platform/Essentials/release/libEssentials_efm32.a(Retcode.o)
                0x0000000000020cfc                Retcode_RaiseErrorFromIsr
 .text.Retcode_raiseError
                0x0000000000020d20       0x18 ./../Platform/Essentials/release/libEssentials_efm32.a(Retcode.o)
                0x0000000000020d20                Retcode_raiseError
 .text.Retcode_raiseErrorFromIsr
                0x0000000000020d38       0x18 ./../Platform/Essentials/release/libEssentials_efm32.a(Retcode.o)
                0x0000000000020d38                Retcode_raiseErrorFromIsr
 .text.RTC_IntClear
                0x0000000000020d50       0x20 ./../Platform/Essentials/release/libEssentials_efm32.a(Timer.o)
 .text.RTC_IntDisable
                0x0000000000020d70       0x30 ./../Platform/Essentials/release/libEssentials_efm32.a(Timer.o)
 .text.RTC_IntGet
                0x0000000000020da0       0x18 ./../Platform/Essentials/release/libEssentials_efm32.a(Timer.o)
 .text.TIMER_IntClear
                0x0000000000020db8       0x1c ./../Platform/Essentials/release/libEssentials_efm32.a(Timer.o)
 .text.TIMER_IntDisable
                0x0000000000020dd4       0x24 ./../Platform/Essentials/release/libEssentials_efm32.a(Timer.o)
 .text.TIMER_IntGet
                0x0000000000020df8       0x18 ./../Platform/Essentials/release/libEssentials_efm32.a(Timer.o)
 .text.LETIMER_IntClear
                0x0000000000020e10       0x1c ./../Platform/Essentials/release/libEssentials_efm32.a(Timer.o)
 .text.LETIMER_IntDisable
                0x0000000000020e2c       0x24 ./../Platform/Essentials/release/libEssentials_efm32.a(Timer.o)
 .text.LETIMER_IntGet
                0x0000000000020e50       0x18 ./../Platform/Essentials/release/libEssentials_efm32.a(Timer.o)
 .text.MCU_Timer_Initialize
                0x0000000000020e68       0xe4 ./../Platform/Essentials/release/libEssentials_efm32.a(Timer.o)
                0x0000000000020e68                MCU_Timer_Initialize
 .text.MCU_Timer_Callback
                0x0000000000020f4c       0x5c ./../Platform/Essentials/release/libEssentials_efm32.a(Timer.o)
                0x0000000000020f4c                MCU_Timer_Callback
 .text.ValidateTimerHandle
                0x0000000000020fa8       0x40 ./../Platform/Essentials/release/libEssentials_efm32.a(Timer.o)
 .text.getTimerEvent
                0x0000000000020fe8       0xc8 ./../Platform/Essentials/release/libEssentials_efm32.a(Timer.o)
 .text.extractFlags_RTC
                0x00000000000210b0       0x9c ./../Platform/Essentials/release/libEssentials_efm32.a(Timer.o)
 .text.extractFlags_LETIMER
                0x000000000002114c       0x9c ./../Platform/Essentials/release/libEssentials_efm32.a(Timer.o)
 .text.extractFlags_TIMER
                0x00000000000211e8       0xd0 ./../Platform/Essentials/release/libEssentials_efm32.a(Timer.o)
 .text.MCU_Timer_GetRtcHandle
                0x00000000000212b8       0x14 ./../Platform/Essentials/release/libEssentials_efm32.a(Timer.o)
                0x00000000000212b8                MCU_Timer_GetRtcHandle
 .text.MCU_Timer_HandleRtcIrq
                0x00000000000212cc       0x14 ./../Platform/Essentials/release/libEssentials_efm32.a(Timer.o)
                0x00000000000212cc                MCU_Timer_HandleRtcIrq
 .text.CmdProcessor_initialize
                0x00000000000212e0       0xe0 ./../Platform/Utils/release/libUtils_efm32.a(CmdProcessor.o)
                0x00000000000212e0                CmdProcessor_initialize
 .text.CmdProcessor_enqueue
                0x00000000000213c0       0x74 ./../Platform/Utils/release/libUtils_efm32.a(CmdProcessor.o)
                0x00000000000213c0                CmdProcessor_enqueue
 .text.run      0x0000000000021434       0x14 ./../Platform/Utils/release/libUtils_efm32.a(CmdProcessor.o)
 .text.dequeue  0x0000000000021448       0x80 ./../Platform/Utils/release/libUtils_efm32.a(CmdProcessor.o)
 .text.NVM_Initialize
                0x00000000000214c8       0x4c ./../Platform/Drivers/release/libDrivers_efm32.a(BCDS_NVM.o)
                0x00000000000214c8                NVM_Initialize
 .text.objectConsistencyCheck
                0x0000000000021514       0x58 ./../Platform/Drivers/release/libDrivers_efm32.a(BCDS_NVM.o)
 .text.NVM_Read
                0x000000000002156c       0x7c ./../Platform/Drivers/release/libDrivers_efm32.a(BCDS_NVM.o)
                0x000000000002156c                NVM_Read
 .text.itemConsistencyCheck
                0x00000000000215e8       0x50 ./../Platform/Drivers/release/libDrivers_efm32.a(BCDS_NVM.o)
 .text.NVM_Write
                0x0000000000021638       0x94 ./../Platform/Drivers/release/libDrivers_efm32.a(BCDS_NVM.o)
                0x0000000000021638                NVM_Write
 .text.NVM_Flush
                0x00000000000216cc       0x9c ./../Platform/Drivers/release/libDrivers_efm32.a(BCDS_NVM.o)
                0x00000000000216cc                NVM_Flush
 .text.sectionUpdateRequired
                0x0000000000021768       0x8c ./../Platform/Drivers/release/libDrivers_efm32.a(BCDS_NVM.o)
 .text.NVM_ReadUInt8
                0x00000000000217f4       0x40 ./../Platform/Drivers/release/libDrivers_efm32.a(BCDS_NVM.o)
                0x00000000000217f4                NVM_ReadUInt8
 .text.NVM_WriteUInt8
                0x0000000000021834       0x40 ./../Platform/Drivers/release/libDrivers_efm32.a(BCDS_NVM.o)
                0x0000000000021834                NVM_WriteUInt8
 .text.isLittleEndianPlatform
                0x0000000000021874       0x30 ./../Platform/Drivers/release/libDrivers_efm32.a(BCDS_NVM.o)
 .text.NVM_IsEndiannessDifferent
                0x00000000000218a4       0x54 ./../Platform/Drivers/release/libDrivers_efm32.a(BCDS_NVM.o)
 .text.NVM_SwapBytes
                0x00000000000218f8       0xc4 ./../Platform/Drivers/release/libDrivers_efm32.a(BCDS_NVM.o)
 .text.NetworkConfig_SlNetAppEvtHdlr
                0x00000000000219bc       0xa0 ./../Platform/Wlan/release/libWlan_efm32.a(NetworkConfig.o)
                0x00000000000219bc                NetworkConfig_SlNetAppEvtHdlr
 .text.NetworkConfig_GetIpStatus
                0x0000000000021a5c       0x18 ./../Platform/Wlan/release/libWlan_efm32.a(NetworkConfig.o)
                0x0000000000021a5c                NetworkConfig_GetIpStatus
 .text.NetworkConfig_SetIpStatus
                0x0000000000021a74       0x20 ./../Platform/Wlan/release/libWlan_efm32.a(NetworkConfig.o)
                0x0000000000021a74                NetworkConfig_SetIpStatus
 .text.NetworkConfig_GetIpSettings
                0x0000000000021a94       0xa4 ./../Platform/Wlan/release/libWlan_efm32.a(NetworkConfig.o)
                0x0000000000021a94                NetworkConfig_GetIpSettings
 .text.NetworkConfig_SetIpDhcp
                0x0000000000021b38       0xac ./../Platform/Wlan/release/libWlan_efm32.a(NetworkConfig.o)
                0x0000000000021b38                NetworkConfig_SetIpDhcp
 .text.connectNonBlockingCall
                0x0000000000021be4      0x184 ./../Platform/Wlan/release/libWlan_efm32.a(WlanConnect.o)
 .text.connectBlockingCall
                0x0000000000021d68       0xb8 ./../Platform/Wlan/release/libWlan_efm32.a(WlanConnect.o)
 .text.WlanConnect_SlGeneralEventHdlr
                0x0000000000021e20       0xa8 ./../Platform/Wlan/release/libWlan_efm32.a(WlanConnect.o)
                0x0000000000021e20                WlanConnect_SlGeneralEventHdlr
 .text.WlanConnect_SLWlanEventHdlr
                0x0000000000021ec8       0x5c ./../Platform/Wlan/release/libWlan_efm32.a(WlanConnect.o)
                0x0000000000021ec8                WlanConnect_SLWlanEventHdlr
 .text.WlanConnect_GetInitStatus